Compiling...










































Compiled 68 contracts successfully

-> Deploying test environment...
*** MintableERC20 ***

Network: localhost
tx: 0xb693d33edf5fb2e4adf9cfacde9abe07350ef8327c3fabe93d99e0428ccc53fd
contract address: 0x11df1AF606b85226Ab9a8B1FDa90395298e7494F
deployer address: 0xc783df8a850f42e7F7e57013759C285caa701eB6
gas price: 8000000000
gas used: 3770435

******

*** DAI ***

Network: localhost
tx: 0xb693d33edf5fb2e4adf9cfacde9abe07350ef8327c3fabe93d99e0428ccc53fd
contract address: 0x11df1AF606b85226Ab9a8B1FDa90395298e7494F
deployer address: 0xc783df8a850f42e7F7e57013759C285caa701eB6
gas price: 8000000000
gas used: 3770435

******

*** MintableERC20 ***

Network: localhost
tx: 0xd445dfad2e65e07cf8c9f31b3fed0755d619544067ba4d63b5d78f3d25664fa4
contract address: 0x8f9A92c125FFEb83d8eC808Cd9f8cb80084c1E37
deployer address: 0xc783df8a850f42e7F7e57013759C285caa701eB6
gas price: 8000000000
gas used: 3770555

******

*** LEND ***

Network: localhost
tx: 0xd445dfad2e65e07cf8c9f31b3fed0755d619544067ba4d63b5d78f3d25664fa4
contract address: 0x8f9A92c125FFEb83d8eC808Cd9f8cb80084c1E37
deployer address: 0xc783df8a850f42e7F7e57013759C285caa701eB6
gas price: 8000000000
gas used: 3770555

******

*** MintableERC20 ***

Network: localhost
tx: 0xb44d3bbdb2704e5ab272306e60f99af93fcce9ecdf14a5a303daacea79c3408b
contract address: 0xc4007844AE6bBe168cE8D692C86a7A4414FBcD26
deployer address: 0xc783df8a850f42e7F7e57013759C285caa701eB6
gas price: 8000000000
gas used: 3770555

******

*** TUSD ***

Network: localhost
tx: 0xb44d3bbdb2704e5ab272306e60f99af93fcce9ecdf14a5a303daacea79c3408b
contract address: 0xc4007844AE6bBe168cE8D692C86a7A4414FBcD26
deployer address: 0xc783df8a850f42e7F7e57013759C285caa701eB6
gas price: 8000000000
gas used: 3770555

******

*** MintableERC20 ***

Network: localhost
tx: 0x34b1370e38c3f89c4356ede4b3ee647790dc31a6c905ca7838b50c396a77fcea
contract address: 0xAb768C858C33DfcB6651d1174AFb750433a87Be0
deployer address: 0xc783df8a850f42e7F7e57013759C285caa701eB6
gas price: 8000000000
gas used: 3770435

******

*** BAT ***

Network: localhost
tx: 0x34b1370e38c3f89c4356ede4b3ee647790dc31a6c905ca7838b50c396a77fcea
contract address: 0xAb768C858C33DfcB6651d1174AFb750433a87Be0
deployer address: 0xc783df8a850f42e7F7e57013759C285caa701eB6
gas price: 8000000000
gas used: 3770435

******

*** MintableERC20 ***

Network: localhost
tx: 0x514141c9d33ef8322ceb061e23a1295802aa5598e2946b639cc1f6c6b3d4edc7
contract address: 0x2cc20bE530F92865c2ed8CeD0b020a11bFe62Fe7
deployer address: 0xc783df8a850f42e7F7e57013759C285caa701eB6
gas price: 8000000000
gas used: 3770555

******

*** WETH ***

Network: localhost
tx: 0x514141c9d33ef8322ceb061e23a1295802aa5598e2946b639cc1f6c6b3d4edc7
contract address: 0x2cc20bE530F92865c2ed8CeD0b020a11bFe62Fe7
deployer address: 0xc783df8a850f42e7F7e57013759C285caa701eB6
gas price: 8000000000
gas used: 3770555

******

*** MintableERC20 ***

Network: localhost
tx: 0xd9646f0608c0da17edef8a6e4cd023a6863ce240164f698d9313e70fdd3c7e1f
contract address: 0xA089557D64DAE4b4FcB65aB7C8A520AABb213e37
deployer address: 0xc783df8a850f42e7F7e57013759C285caa701eB6
gas price: 8000000000
gas used: 3770555

******

*** USDC ***

Network: localhost
tx: 0xd9646f0608c0da17edef8a6e4cd023a6863ce240164f698d9313e70fdd3c7e1f
contract address: 0xA089557D64DAE4b4FcB65aB7C8A520AABb213e37
deployer address: 0xc783df8a850f42e7F7e57013759C285caa701eB6
gas price: 8000000000
gas used: 3770555

******

*** MintableERC20 ***

Network: localhost
tx: 0xc1be16014389ca278747424393a740bca4ec447fbd9caa4f4982e351ee266108
contract address: 0x20FAE2042b362E3FaB2806820b9A43CC116e2846
deployer address: 0xc783df8a850f42e7F7e57013759C285caa701eB6
gas price: 8000000000
gas used: 3770555

******

*** USDT ***

Network: localhost
tx: 0xc1be16014389ca278747424393a740bca4ec447fbd9caa4f4982e351ee266108
contract address: 0x20FAE2042b362E3FaB2806820b9A43CC116e2846
deployer address: 0xc783df8a850f42e7F7e57013759C285caa701eB6
gas price: 8000000000
gas used: 3770555

******

*** MintableERC20 ***

Network: localhost
tx: 0x50f85855b779985f4a404b35505783e7135433034149f253eae0cab1400ae353
contract address: 0x8880F314112f15C2AfF674c3B27f9a44Ca86e4d0
deployer address: 0xc783df8a850f42e7F7e57013759C285caa701eB6
gas price: 8000000000
gas used: 3770555

******

*** SUSD ***

Network: localhost
tx: 0x50f85855b779985f4a404b35505783e7135433034149f253eae0cab1400ae353
contract address: 0x8880F314112f15C2AfF674c3B27f9a44Ca86e4d0
deployer address: 0xc783df8a850f42e7F7e57013759C285caa701eB6
gas price: 8000000000
gas used: 3770555

******

*** MintableERC20 ***

Network: localhost
tx: 0xa51d0baa6dd5cda1f4631af260b5ed8ecae708d5f5bcde76961f31bcfd4ba7eb
contract address: 0xDcb10C2e15110Db4B02C0a1df459768E680ce245
deployer address: 0xc783df8a850f42e7F7e57013759C285caa701eB6
gas price: 8000000000
gas used: 3770435

******

*** ZRX ***

Network: localhost
tx: 0xa51d0baa6dd5cda1f4631af260b5ed8ecae708d5f5bcde76961f31bcfd4ba7eb
contract address: 0xDcb10C2e15110Db4B02C0a1df459768E680ce245
deployer address: 0xc783df8a850f42e7F7e57013759C285caa701eB6
gas price: 8000000000
gas used: 3770435

******

*** MintableERC20 ***

Network: localhost
tx: 0x9bfdcd29285b0fab25adf99c1fca8059bbf38cb1a9f8e59e7d3fefda8d6eb03b
contract address: 0xfD408ec64Da574b1859814F810564f73ea2Ff003
deployer address: 0xc783df8a850f42e7F7e57013759C285caa701eB6
gas price: 8000000000
gas used: 3770435

******

*** MKR ***

Network: localhost
tx: 0x9bfdcd29285b0fab25adf99c1fca8059bbf38cb1a9f8e59e7d3fefda8d6eb03b
contract address: 0xfD408ec64Da574b1859814F810564f73ea2Ff003
deployer address: 0xc783df8a850f42e7F7e57013759C285caa701eB6
gas price: 8000000000
gas used: 3770435

******

*** MintableERC20 ***

Network: localhost
tx: 0xfd8468df934e43ccec60acba936b601c27847183c18a3f5d6535763b60e6fbaa
contract address: 0x0006F7c3542BEE76Dd887f54eD22405Ac4ae905a
deployer address: 0xc783df8a850f42e7F7e57013759C285caa701eB6
gas price: 8000000000
gas used: 3770555

******

*** WBTC ***

Network: localhost
tx: 0xfd8468df934e43ccec60acba936b601c27847183c18a3f5d6535763b60e6fbaa
contract address: 0x0006F7c3542BEE76Dd887f54eD22405Ac4ae905a
deployer address: 0xc783df8a850f42e7F7e57013759C285caa701eB6
gas price: 8000000000
gas used: 3770555

******

*** MintableERC20 ***

Network: localhost
tx: 0x657f63363d8df1a8b2e06a93e3c1d869b945f5970460101fed9b82bce2f0881c
contract address: 0x6ca94a51c644eca3F9CA315bcC41CbA6940A66Eb
deployer address: 0xc783df8a850f42e7F7e57013759C285caa701eB6
gas price: 8000000000
gas used: 3770555

******

*** LINK ***

Network: localhost
tx: 0x657f63363d8df1a8b2e06a93e3c1d869b945f5970460101fed9b82bce2f0881c
contract address: 0x6ca94a51c644eca3F9CA315bcC41CbA6940A66Eb
deployer address: 0xc783df8a850f42e7F7e57013759C285caa701eB6
gas price: 8000000000
gas used: 3770555

******

*** MintableERC20 ***

Network: localhost
tx: 0xc9eaaddbc4add294cbf0511d1f35096063ea66f9528a284cf1a8f2b69d8431b7
contract address: 0x6765291Cab755B980F377445eFd0F9F945CDA6C4
deployer address: 0xc783df8a850f42e7F7e57013759C285caa701eB6
gas price: 8000000000
gas used: 3770435

******

*** KNC ***

Network: localhost
tx: 0xc9eaaddbc4add294cbf0511d1f35096063ea66f9528a284cf1a8f2b69d8431b7
contract address: 0x6765291Cab755B980F377445eFd0F9F945CDA6C4
deployer address: 0xc783df8a850f42e7F7e57013759C285caa701eB6
gas price: 8000000000
gas used: 3770435

******

*** MintableERC20 ***

Network: localhost
tx: 0xd2a8b51e3d598379b72f199c37046a74bdea759e78edfbb651190fd3098ca038
contract address: 0xa7dB4d25Fc525d19Fbda4E74AAF447B88420FbcB
deployer address: 0xc783df8a850f42e7F7e57013759C285caa701eB6
gas price: 8000000000
gas used: 3770555

******

*** MANA ***

Network: localhost
tx: 0xd2a8b51e3d598379b72f199c37046a74bdea759e78edfbb651190fd3098ca038
contract address: 0xa7dB4d25Fc525d19Fbda4E74AAF447B88420FbcB
deployer address: 0xc783df8a850f42e7F7e57013759C285caa701eB6
gas price: 8000000000
gas used: 3770555

******

*** MintableERC20 ***

Network: localhost
tx: 0x30da604c48ddf9d6724087a17e66a0283762c0df47e402484cb47a742f3bc3a1
contract address: 0x273D60904A8DBa3Ae6B20505c59902644124fF0E
deployer address: 0xc783df8a850f42e7F7e57013759C285caa701eB6
gas price: 8000000000
gas used: 3770435

******

*** REP ***

Network: localhost
tx: 0x30da604c48ddf9d6724087a17e66a0283762c0df47e402484cb47a742f3bc3a1
contract address: 0x273D60904A8DBa3Ae6B20505c59902644124fF0E
deployer address: 0xc783df8a850f42e7F7e57013759C285caa701eB6
gas price: 8000000000
gas used: 3770435

******

*** MintableERC20 ***

Network: localhost
tx: 0xf75538604aa40a916f3b53aa71f0d3f4d2985e3e313aefcdd20ec03efb03fe58
contract address: 0xfc37dE87C1Ee39cc856782BF96fEdcB6FA5c5A7f
deployer address: 0xc783df8a850f42e7F7e57013759C285caa701eB6
gas price: 8000000000
gas used: 3770435

******

*** SNX ***

Network: localhost
tx: 0xf75538604aa40a916f3b53aa71f0d3f4d2985e3e313aefcdd20ec03efb03fe58
contract address: 0xfc37dE87C1Ee39cc856782BF96fEdcB6FA5c5A7f
deployer address: 0xc783df8a850f42e7F7e57013759C285caa701eB6
gas price: 8000000000
gas used: 3770435

******

*** MintableERC20 ***

Network: localhost
tx: 0x144bd6a169a5878c72d1c1b7fed21cad13c046cc5608975a7c7f05efb6c11c79
contract address: 0x049228dFFEdf91ff224e9F96247aEBA700e3590c
deployer address: 0xc783df8a850f42e7F7e57013759C285caa701eB6
gas price: 8000000000
gas used: 3770555

******

*** BUSD ***

Network: localhost
tx: 0x144bd6a169a5878c72d1c1b7fed21cad13c046cc5608975a7c7f05efb6c11c79
contract address: 0x049228dFFEdf91ff224e9F96247aEBA700e3590c
deployer address: 0xc783df8a850f42e7F7e57013759C285caa701eB6
gas price: 8000000000
gas used: 3770555

******

*** MintableERC20 ***

Network: localhost
tx: 0x61d73d01885b056022452fb9df317c03167ce8bfa8d8b70f09f5ba3ba84087e0
contract address: 0xA410D1f3fEAF300842142Cd7AA1709D84944DCb7
deployer address: 0xc783df8a850f42e7F7e57013759C285caa701eB6
gas price: 8000000000
gas used: 3770435

******

*** USD ***

Network: localhost
tx: 0x61d73d01885b056022452fb9df317c03167ce8bfa8d8b70f09f5ba3ba84087e0
contract address: 0xA410D1f3fEAF300842142Cd7AA1709D84944DCb7
deployer address: 0xc783df8a850f42e7F7e57013759C285caa701eB6
gas price: 8000000000
gas used: 3770435

******

*** MintableERC20 ***

Network: localhost
tx: 0x740b8681b0c8b7d3fbc23b29070e5a4ce1d278c456740949e6958217acb4d452
contract address: 0x835973768750b3ED2D5c3EF5AdcD5eDb44d12aD4
deployer address: 0xc783df8a850f42e7F7e57013759C285caa701eB6
gas price: 8000000000
gas used: 3771395

******

*** UNI_DAI_ETH ***

Network: localhost
tx: 0x740b8681b0c8b7d3fbc23b29070e5a4ce1d278c456740949e6958217acb4d452
contract address: 0x835973768750b3ED2D5c3EF5AdcD5eDb44d12aD4
deployer address: 0xc783df8a850f42e7F7e57013759C285caa701eB6
gas price: 8000000000
gas used: 3771395

******

*** MintableERC20 ***

Network: localhost
tx: 0xfd37d9b66d1f1ab4cb4b243d14927f8b1d65e1b51001a312ccad621387838be1
contract address: 0x1181FC27dbF04B5105243E60BB1936c002e9d5C8
deployer address: 0xc783df8a850f42e7F7e57013759C285caa701eB6
gas price: 8000000000
gas used: 3771515

******

*** UNI_USDC_ETH ***

Network: localhost
tx: 0xfd37d9b66d1f1ab4cb4b243d14927f8b1d65e1b51001a312ccad621387838be1
contract address: 0x1181FC27dbF04B5105243E60BB1936c002e9d5C8
deployer address: 0xc783df8a850f42e7F7e57013759C285caa701eB6
gas price: 8000000000
gas used: 3771515

******

*** MintableERC20 ***

Network: localhost
tx: 0x6720a4ff9ab66ceb1d378c93a7254f49a646c40896274ee8f3e02e6fa1f301d6
contract address: 0x6F96975e2a0e1380b6e2e406BB33Ae96e4b6DB65
deployer address: 0xc783df8a850f42e7F7e57013759C285caa701eB6
gas price: 8000000000
gas used: 3771515

******

*** UNI_SETH_ETH ***

Network: localhost
tx: 0x6720a4ff9ab66ceb1d378c93a7254f49a646c40896274ee8f3e02e6fa1f301d6
contract address: 0x6F96975e2a0e1380b6e2e406BB33Ae96e4b6DB65
deployer address: 0xc783df8a850f42e7F7e57013759C285caa701eB6
gas price: 8000000000
gas used: 3771515

******

*** MintableERC20 ***

Network: localhost
tx: 0x7bfa83b2c563a4646d62d9a241368f64c21538d2b9b272d2dbcaebaea3003cdd
contract address: 0xc032930653da193EDE295B4DcE3DD093a695c3b3
deployer address: 0xc783df8a850f42e7F7e57013759C285caa701eB6
gas price: 8000000000
gas used: 3771515

******

*** UNI_LINK_ETH ***

Network: localhost
tx: 0x7bfa83b2c563a4646d62d9a241368f64c21538d2b9b272d2dbcaebaea3003cdd
contract address: 0xc032930653da193EDE295B4DcE3DD093a695c3b3
deployer address: 0xc783df8a850f42e7F7e57013759C285caa701eB6
gas price: 8000000000
gas used: 3771515

******

*** MintableERC20 ***

Network: localhost
tx: 0x710172661439f201e9e857de79517f4a10dc1c50f43431112ca14182d249e77f
contract address: 0xb3363f4349b1160DbA55ec4D82fDe874A4123A2a
deployer address: 0xc783df8a850f42e7F7e57013759C285caa701eB6
gas price: 8000000000
gas used: 3771395

******

*** UNI_MKR_ETH ***

Network: localhost
tx: 0x710172661439f201e9e857de79517f4a10dc1c50f43431112ca14182d249e77f
contract address: 0xb3363f4349b1160DbA55ec4D82fDe874A4123A2a
deployer address: 0xc783df8a850f42e7F7e57013759C285caa701eB6
gas price: 8000000000
gas used: 3771395

******

*** MintableERC20 ***

Network: localhost
tx: 0x44218a2b69f73edd259ee7531e07181321912029d61517b450235eeb7c172d26
contract address: 0xf8c6eB390cDc5C08717bC2268aa0c1169A9B5deE
deployer address: 0xc783df8a850f42e7F7e57013759C285caa701eB6
gas price: 8000000000
gas used: 3771515

******

*** UNI_LEND_ETH ***

Network: localhost
tx: 0x44218a2b69f73edd259ee7531e07181321912029d61517b450235eeb7c172d26
contract address: 0xf8c6eB390cDc5C08717bC2268aa0c1169A9B5deE
deployer address: 0xc783df8a850f42e7F7e57013759C285caa701eB6
gas price: 8000000000
gas used: 3771515

******

*** LendingPoolAddressesProvider ***

Network: localhost
tx: 0x85c590408781fb6cf1a6416f3f7f5bcafe93d00f5ef8ca42080daaf4a494ef3f
contract address: 0x4a716924Dad0c0d0E558844F304548814e7089F1
deployer address: 0xc783df8a850f42e7F7e57013759C285caa701eB6
gas price: 8000000000
gas used: 6959345

******

*** LendingPoolAddressesProviderRegistry ***

Network: localhost
tx: 0x7b9a2d4c2da516b51d7517aae0ba274427bceecb3e1f1905f4e98b9ae1c10884
contract address: 0x798c5b4b62b1eA9D64955D6751B03075A003F123
deployer address: 0xc783df8a850f42e7F7e57013759C285caa701eB6
gas price: 8000000000
gas used: 2407480

******

Deployed lending pool, address: 0x8a32f94F052F38d0436C68d6bb761619c475b987
Added pool to addresses provider
Address is  0xf9cD0476CFC1E983e9feA9366A2C08e10eFc9e25
implementation set, address: 0xf9cD0476CFC1E983e9feA9366A2C08e10eFc9e25
*** LendingPoolConfigurator ***

Network: localhost
tx: 0x468a8bb8eb2d469e3fa069cfdac02f25a48086833360a8b4e23b187b5e64aa82
contract address: 0xd63ae78CE8D440CbBc4E9B573AA81522DBf1e4D1
deployer address: 0xc783df8a850f42e7F7e57013759C285caa701eB6
gas price: 8000000000
gas used: 9499999

******

*** PriceOracle ***

Network: localhost
tx: 0x8d36bb456d6e2fb92682cfa5bd12348afb64de8c1af68ed583f34f25e381a1a0
contract address: 0x18C3df59BEb7babb81BC20f61c5C175D0Cb7603d
deployer address: 0xc783df8a850f42e7F7e57013759C285caa701eB6
gas price: 8000000000
gas used: 767525

******

*** MockAggregator ***

Network: localhost
tx: 0x54bab4c8c78250e428e31baaa5cb2fcc117e90797f24eb76360fc9a37d0eacd6
contract address: 0x4819594Fa472a722E6f08aD2d0D1f829AfF6b1D1
deployer address: 0xc783df8a850f42e7F7e57013759C285caa701eB6
gas price: 8000000000
gas used: 524490

******

*** MockAggregator ***

Network: localhost
tx: 0xb82c4bd0a169b97cc044ce4d5d4935e440b114a9da1b7d1a3fb9cd90e4f90dbb
contract address: 0x5eD7553Dc8a0D541130020f9965Ea951cAC1b573
deployer address: 0xc783df8a850f42e7F7e57013759C285caa701eB6
gas price: 8000000000
gas used: 524430

******

*** MockAggregator ***

Network: localhost
tx: 0x6c9e9b7c63860c736a8c93d1957e602924c30f23ea58e28897a8681b264f00d0
contract address: 0xE0A4f15eBcC30F67782800479C89692d2E40d511
deployer address: 0xc783df8a850f42e7F7e57013759C285caa701eB6
gas price: 8000000000
gas used: 524430

******

*** MockAggregator ***

Network: localhost
tx: 0xe06a6d27906950183f569b54bc3cab756dd3987c4c1a40a55adb9fe1a72c7396
contract address: 0x32e036B2e3B5A998401eFA43f779d2070fAC2A7D
deployer address: 0xc783df8a850f42e7F7e57013759C285caa701eB6
gas price: 8000000000
gas used: 524430

******

*** MockAggregator ***

Network: localhost
tx: 0x9ef232a904789a257512db57f8cc2662e7a481df6e8f95a041208503047c8368
contract address: 0xB62f98C002fc1D336Ab1EaF7a890B26E1191F0f2
deployer address: 0xc783df8a850f42e7F7e57013759C285caa701eB6
gas price: 8000000000
gas used: 524490

******

*** MockAggregator ***

Network: localhost
tx: 0x7384bb1e853e761e3b61bc286331e7f302a77ebcad6cfed6c9fd65f60e521c79
contract address: 0x57Aa7e5dEF9cBb8327c764e31E7C8f0996ae0f91
deployer address: 0xc783df8a850f42e7F7e57013759C285caa701eB6
gas price: 8000000000
gas used: 524490

******

*** MockAggregator ***

Network: localhost
tx: 0x976b29e38f1b052805164a337b21f451cbfb2328b8951882e527b8d51894310b
contract address: 0x08c4284C1645529732466fd9c322a8d0d8C6AC70
deployer address: 0xc783df8a850f42e7F7e57013759C285caa701eB6
gas price: 8000000000
gas used: 524430

******

*** MockAggregator ***

Network: localhost
tx: 0x7b48370fe9e1e971ea386ca9647470d670ca238425dc42e13742dfbae71b1cae
contract address: 0x9e4c352aa01D2eC5c6917e79a19e74B27Ab6Be85
deployer address: 0xc783df8a850f42e7F7e57013759C285caa701eB6
gas price: 8000000000
gas used: 524490

******

*** MockAggregator ***

Network: localhost
tx: 0xd89d74e0609f162d9ce0b6b6950c112b76f09293e0f44c75890101473de91554
contract address: 0x022cFA026CA96fABfDae3b3a7830d1026cbbd336
deployer address: 0xc783df8a850f42e7F7e57013759C285caa701eB6
gas price: 8000000000
gas used: 524430

******

*** MockAggregator ***

Network: localhost
tx: 0xe4fd2a196be6b31c06f4096d1b7a7800c9559df8c38d259c853bca3e408e8ed2
contract address: 0xD7B4b736722c350c1ee35e0522fd9b38546c1b18
deployer address: 0xc783df8a850f42e7F7e57013759C285caa701eB6
gas price: 8000000000
gas used: 524430

******

*** MockAggregator ***

Network: localhost
tx: 0xc49ce797d6f08cb184f77f1b1f45ee565cfb4313f2d2a5aefd95989ce56cfa8b
contract address: 0xCa2adc1CEe345762b823C55A18f60874d6aCd4ad
deployer address: 0xc783df8a850f42e7F7e57013759C285caa701eB6
gas price: 8000000000
gas used: 524550

******

*** MockAggregator ***

Network: localhost
tx: 0x655ef0633e66f53aa8b80b44ccd3718497e39a27324758913867510b23ab5b35
contract address: 0xf880fBe54ea8cc8E2DdF115435D46C7f3B050217
deployer address: 0xc783df8a850f42e7F7e57013759C285caa701eB6
gas price: 8000000000
gas used: 524430

******

*** MockAggregator ***

Network: localhost
tx: 0x493b84ce76a92315beb3df1478893a68c0ffccf46e67601165c54ae981a68089
contract address: 0x68730f335681eccdd55127a4ebEbbDc9e5Ee542C
deployer address: 0xc783df8a850f42e7F7e57013759C285caa701eB6
gas price: 8000000000
gas used: 524370

******

*** MockAggregator ***

Network: localhost
tx: 0x6d76dcb43e91ee29b2a0229e73f34b831af7125fb8d7c780f3d09063c7e85a39
contract address: 0x0bf755084d2af8df01b046e3c3981EC5C545A26A
deployer address: 0xc783df8a850f42e7F7e57013759C285caa701eB6
gas price: 8000000000
gas used: 524370

******

*** MockAggregator ***

Network: localhost
tx: 0x4a95ea0c1029afaf14dc2b45590e0eb01da7f9ddc06486245b9e4437a45f468e
contract address: 0x85a0419D3Cbc60ffdD3128EC1b0D3737091DF748
deployer address: 0xc783df8a850f42e7F7e57013759C285caa701eB6
gas price: 8000000000
gas used: 524430

******

*** MockAggregator ***

Network: localhost
tx: 0x5e5158c387d616d4768e2f395adab805e7071974a129b953d4d0e11f8c35dd8f
contract address: 0x9CDDBE77d2f4D505Ed8aD63Bf4061876C8E8B94d
deployer address: 0xc783df8a850f42e7F7e57013759C285caa701eB6
gas price: 8000000000
gas used: 524430

******

*** MockAggregator ***

Network: localhost
tx: 0x2631a412a26f480d3af0ab0578736f787a4e903c7141fbfcf17ad28e00cd585d
contract address: 0x67918d986Cb2C0A8465369d4d6B21BE492E49522
deployer address: 0xc783df8a850f42e7F7e57013759C285caa701eB6
gas price: 8000000000
gas used: 524430

******

*** MockAggregator ***

Network: localhost
tx: 0x8864f5076054fccf00faf3d933e63f8d44d191deea4e1c68674134c57fb6bb30
contract address: 0xfa7cC137C527920Ae5E85311bAe7eFFd55d7c1B3
deployer address: 0xc783df8a850f42e7F7e57013759C285caa701eB6
gas price: 8000000000
gas used: 524430

******

*** MockAggregator ***

Network: localhost
tx: 0xebd805e8af09d3814431b49a2fc4beeee44e54a17249dbc57dcc2065b2537d58
contract address: 0xD7619aE561dDeB7eD73bDf7d640DAe32b643D026
deployer address: 0xc783df8a850f42e7F7e57013759C285caa701eB6
gas price: 8000000000
gas used: 524430

******

*** MockAggregator ***

Network: localhost
tx: 0x33e4686ecfda16b719ddccf20e6e28e536a5b72dc1e77b8a7245d18c0a1a7674
contract address: 0xB66bB20a2d1800fB08d59E6eF1C34E738aea9084
deployer address: 0xc783df8a850f42e7F7e57013759C285caa701eB6
gas price: 8000000000
gas used: 524430

******

*** MockAggregator ***

Network: localhost
tx: 0x30f61c84c0f9dc4236b9ba4fe227989d5463e8534bddaf1fa4f046631b7324ad
contract address: 0x34Bcbf717e1Cb4Fa3f779297d6128D580B87BA23
deployer address: 0xc783df8a850f42e7F7e57013759C285caa701eB6
gas price: 8000000000
gas used: 524430

******

*** MockAggregator ***

Network: localhost
tx: 0xd6f95a84f6056b18218397aefa2b0a62fd2fa16071c3708ba627f468485085be
contract address: 0xe74F2b30C2AC45Ab5162795F2fFA6ACBA5C41FCe
deployer address: 0xc783df8a850f42e7F7e57013759C285caa701eB6
gas price: 8000000000
gas used: 524430

******

*** MockAggregator ***

Network: localhost
tx: 0x7a878b5b5029bad142dda20da6f120e060bf8311ba80f22e98ff8fc539f38724
contract address: 0xce8d1D7665832237b1eae6267C0cA5aCC11B7fE6
deployer address: 0xc783df8a850f42e7F7e57013759C285caa701eB6
gas price: 8000000000
gas used: 524430

******

*** MockAggregator ***

Network: localhost
tx: 0x2e80f1c33b474542733682528ed1e072406b585dcfaa2c158e6ce87295308b19
contract address: 0x39ed2aE701B56AD229A19E628Bf5A515795F0AA3
deployer address: 0xc783df8a850f42e7F7e57013759C285caa701eB6
gas price: 8000000000
gas used: 524430

******

*** ChainlinkProxyPriceProvider ***

Network: localhost
tx: 0x5125f9e283f93d831c4961c06e23fc7e11533d8942685c2b1d3743c1adcddb3e
contract address: 0x9434029990cF00118c28a06E014F0d7d879f28CE
deployer address: 0xc783df8a850f42e7F7e57013759C285caa701eB6
gas price: 8000000000
gas used: 6255420

******

*** LendingRateOracle ***

Network: localhost
tx: 0x170675f0f61bafaef087a2f9b8cc9c9d541c14dfeea7f93cd2f9e71e821ce7e6
contract address: 0xccd7A2534fd4FD5119De8E368615b226e23F8F37
deployer address: 0xc783df8a850f42e7F7e57013759C285caa701eB6
gas price: 8000000000
gas used: 1720040

******

Initialize configuration
*** DefaultReserveInterestRateStrategy ***

Network: localhost
tx: 0x74ff24b7fa40f7311401945b7ce6955643e45d8ed25108917d4c59f8d374741b
contract address: 0xB7EB48C88bdaf6B8B2ea02bC822A4a132328f714
deployer address: 0xc783df8a850f42e7F7e57013759C285caa701eB6
gas price: 8000000000
gas used: 2917135

******

*** StableDebtToken ***

Network: localhost
tx: 0xf67b77de54001ea7cb0e2a53b66e4b8a492921215606603453d93428dfc4a5e0
contract address: 0xC0E8d6e5574cd52B1a8dab202Aa3fec21B74BC35
deployer address: 0xc783df8a850f42e7F7e57013759C285caa701eB6
gas price: 8000000000
gas used: 6128190

******

*** VariableDebtToken ***

Network: localhost
tx: 0x54278f78c259d1281c785529b330a19b1a584623e95fc645934f924c40ec3198
contract address: 0x34Af2d98209B5F5d28faC0eec6285D4Dd65c589D
deployer address: 0xc783df8a850f42e7F7e57013759C285caa701eB6
gas price: 8000000000
gas used: 5650970

******

*** AToken ***

Network: localhost
tx: 0x579e7172f7886844afffa3bdafe1a9e6dc23e1dd6507a75b67ee8b3cdcf67118
contract address: 0xf5D5224509Abe68408d3D2080909B8EBeCa07B02
deployer address: 0xc783df8a850f42e7F7e57013759C285caa701eB6
gas price: 8000000000
gas used: 9499999

******

*** DefaultReserveInterestRateStrategy ***

Network: localhost
tx: 0xe350cca6989ccd7107176b683407949edba2b51cac58203f77416789f475956a
contract address: 0x8eB5127325c66e28197f2a9fB6a52a79d5fD381e
deployer address: 0xc783df8a850f42e7F7e57013759C285caa701eB6
gas price: 8000000000
gas used: 2917135

******

*** StableDebtToken ***

Network: localhost
tx: 0x4d14f22ec586cd818a2dd2f77102175d8648918d7612061fd79cf78c5ebfc65a
contract address: 0xd7a76AA426EBAb1E67c63d48A22b5d7151eeac3F
deployer address: 0xc783df8a850f42e7F7e57013759C285caa701eB6
gas price: 8000000000
gas used: 6128250

******

*** VariableDebtToken ***

Network: localhost
tx: 0x80011ba6270adf75e11c12bc5f17ccd09c42634030675cba721f800babf4b294
contract address: 0x43bD57b672AF17656bE2B3f21bDe64da757f08B5
deployer address: 0xc783df8a850f42e7F7e57013759C285caa701eB6
gas price: 8000000000
gas used: 5651030

******

*** AToken ***

Network: localhost
tx: 0xd37d2e127a4f8d4a5049a13d51bbc1f705881d518aaa76237a9945d42da9fe04
contract address: 0x98D9d1E46351945fdf5A6C8fc2b1FbB7cB4D6758
deployer address: 0xc783df8a850f42e7F7e57013759C285caa701eB6
gas price: 8000000000
gas used: 9499999

******

*** DefaultReserveInterestRateStrategy ***

Network: localhost
tx: 0x15a2b44162ae48fec47aaca929404375b87a57a145f479c80f4b32bd81b4e277
contract address: 0xAACe6c4759b2bF94cF4cf3b1cF2f4fd726033784
deployer address: 0xc783df8a850f42e7F7e57013759C285caa701eB6
gas price: 8000000000
gas used: 2917135

******

*** StableDebtToken ***

Network: localhost
tx: 0xdc849ac47472f3153a70895141866dc05ebfce2dce0559a21c31fb683723e2af
contract address: 0x1Cb5F6F553a5434b842AC5fE0e52C78338612B77
deployer address: 0xc783df8a850f42e7F7e57013759C285caa701eB6
gas price: 8000000000
gas used: 6128310

******

*** VariableDebtToken ***

Network: localhost
tx: 0x6486e963bcf1e59789b27cf4844f6a1d935a1827b35c404f03f15fff906ea60c
contract address: 0x333CF5E8039a9ecBdAA4fF4E9f7D10842f06E7b4
deployer address: 0xc783df8a850f42e7F7e57013759C285caa701eB6
gas price: 8000000000
gas used: 5651090

******

*** AToken ***

Network: localhost
tx: 0xc02452e70ab23cfe77f62e3cbdd901369a496deb798fa937a2971386793f0098
contract address: 0x09678e127117c3F342E52014BAC7e0De59cA4B41
deployer address: 0xc783df8a850f42e7F7e57013759C285caa701eB6
gas price: 8000000000
gas used: 9499999

******

*** DefaultReserveInterestRateStrategy ***

Network: localhost
tx: 0x9dc14c88bfeb86024b773cb91403cf998e9fba202c9d816e4a93e5c893378b95
contract address: 0x83c60fAD6afA5E8A38Fb7549174e216C5efe85Bd
deployer address: 0xc783df8a850f42e7F7e57013759C285caa701eB6
gas price: 8000000000
gas used: 2917135

******

*** StableDebtToken ***

Network: localhost
tx: 0xd96a4d6c9d17e76b95bcfb185b2717849bd1797294195746a39a68980b5b8b09
contract address: 0x2C6152331cA1F9AEc74523171a496d61C7203e64
deployer address: 0xc783df8a850f42e7F7e57013759C285caa701eB6
gas price: 8000000000
gas used: 6128310

******

*** VariableDebtToken ***

Network: localhost
tx: 0x00dd0efaa7da4dc8b1ec77ce6bfd9a3ce45233487233930f59347a3ed2ba74bb
contract address: 0xAa1b47a6139A4cad87464911812f92c0ba2db0d7
deployer address: 0xc783df8a850f42e7F7e57013759C285caa701eB6
gas price: 8000000000
gas used: 5651090

******

*** AToken ***

Network: localhost
tx: 0x4526b4c92699d36aa178b319c933e71c0eaa5dfca2fd3f92467d87084e87f3bd
contract address: 0x812B84Aac96db85B65A35c1ea93789DA0d977113
deployer address: 0xc783df8a850f42e7F7e57013759C285caa701eB6
gas price: 8000000000
gas used: 9499999

******

*** DefaultReserveInterestRateStrategy ***

Network: localhost
tx: 0xe56d3118f791864b63d5a1d9be52bc77da65f4ab4e8b75b0e04a2e55affdf1fe
contract address: 0x5da6809Fe6d0743125Ec39AFCF9E38ea0F0B5d4E
deployer address: 0xc783df8a850f42e7F7e57013759C285caa701eB6
gas price: 8000000000
gas used: 2917135

******

*** StableDebtToken ***

Network: localhost
tx: 0x975b727795a15df3445b9b23ffba7f8e646a67a848d536215e1576fab58a8846
contract address: 0xE95D3B838c8A4e52C8059cc75a18FB6d2EDA043a
deployer address: 0xc783df8a850f42e7F7e57013759C285caa701eB6
gas price: 8000000000
gas used: 6128310

******

*** VariableDebtToken ***

Network: localhost
tx: 0x9682837a645353709ecdca94a65a8fe22eab97c3d9cf848cdd0128b36749fa24
contract address: 0x5DaF25c6E608CFd427Dbae874B8a5441d0018339
deployer address: 0xc783df8a850f42e7F7e57013759C285caa701eB6
gas price: 8000000000
gas used: 5651090

******

*** AToken ***

Network: localhost
tx: 0xe3e27056c5b4c26fa31cfc91f6934d8cd6f0245e7fa2ce2f3d09521aa03b3a9f
contract address: 0x4aDdfb6d8994197b666c8FB167dAF9576D052d26
deployer address: 0xc783df8a850f42e7F7e57013759C285caa701eB6
gas price: 8000000000
gas used: 9499999

******

*** DefaultReserveInterestRateStrategy ***

Network: localhost
tx: 0x6006c2c541d8f824047b470b22314f6b85fd2d0709132fe7fd72922ce2444cfd
contract address: 0xEdA424B933c9F5C9D82718db4A5AB9CEAE3A8344
deployer address: 0xc783df8a850f42e7F7e57013759C285caa701eB6
gas price: 8000000000
gas used: 2916655

******

*** StableDebtToken ***

Network: localhost
tx: 0x0a3af97e935a83b82fd9ad1cb63dbd06ee5009aa0d986977836f30acda87faaa
contract address: 0x10E99C82512838Ed9fD2FC40d71DAC29dCA497EC
deployer address: 0xc783df8a850f42e7F7e57013759C285caa701eB6
gas price: 8000000000
gas used: 6128310

******

*** VariableDebtToken ***

Network: localhost
tx: 0xda2e3cd3897dbfe6c0f6b73dcde49010a6cada5df7a4f0038063722e1814f5a3
contract address: 0x6396ed1AFa51770f2B26BC582Ff9878A3e34b126
deployer address: 0xc783df8a850f42e7F7e57013759C285caa701eB6
gas price: 8000000000
gas used: 5651090

******

*** AToken ***

Network: localhost
tx: 0xb5acb13cfe7914ff8fad7e5c28b46e9f689e13a7dd5449492322c59d73f843bf
contract address: 0x09D011f96C64feB12c2C614c5BB012dEfb63E16D
deployer address: 0xc783df8a850f42e7F7e57013759C285caa701eB6
gas price: 8000000000
gas used: 9499999

******

*** DefaultReserveInterestRateStrategy ***

Network: localhost
tx: 0x1321448a7f01e61623fb1ee6c3db90da2adf86cf8aab197e1942b2c891e6ffce
contract address: 0xAc90A2D29a669aa51c3a5506b577D59DDc931c6e
deployer address: 0xc783df8a850f42e7F7e57013759C285caa701eB6
gas price: 8000000000
gas used: 2916655

******

*** StableDebtToken ***

Network: localhost
tx: 0x19a8d0b6e4b9aa523256a4c9eed5453701647671a5779743b0f5afa3e58f11d2
contract address: 0x3a629468EDf66d22d69F84C5EFFadc6C2BEA4d5C
deployer address: 0xc783df8a850f42e7F7e57013759C285caa701eB6
gas price: 8000000000
gas used: 6128190

******

*** VariableDebtToken ***

Network: localhost
tx: 0x67ac2f70267459b17f88d1a06c164322164239f9c8267b544badc2ad79790226
contract address: 0x9BDb2e959aD37ddA24b6A770993852E99970b8F8
deployer address: 0xc783df8a850f42e7F7e57013759C285caa701eB6
gas price: 8000000000
gas used: 5650970

******

*** AToken ***

Network: localhost
tx: 0x4220df2a27a81f69625a2d0cbba1f4383e4ef12158e28eef912beb0d5160b338
contract address: 0xd1E1BC4D1C225D9029f14f8b8eFcF12F0eA51C1e
deployer address: 0xc783df8a850f42e7F7e57013759C285caa701eB6
gas price: 8000000000
gas used: 9499999

******

*** DefaultReserveInterestRateStrategy ***

Network: localhost
tx: 0x3296da75785d3dcbae0fbbef6cbe60f2f7a1f207a632a176c90a646febf4eb36
contract address: 0x6d2BfF57A95f2b96d33C27b281e718C4FC76222e
deployer address: 0xc783df8a850f42e7F7e57013759C285caa701eB6
gas price: 8000000000
gas used: 2916655

******

*** StableDebtToken ***

Network: localhost
tx: 0xe4d89df27c5d2e70f84c575cdf7ebff25f815b0d82f91f9423a0cf0d339c4e8f
contract address: 0xD8cF367dce091A6bFB2a9d4A3673F80a616bd8B7
deployer address: 0xc783df8a850f42e7F7e57013759C285caa701eB6
gas price: 8000000000
gas used: 6128190

******

*** VariableDebtToken ***

Network: localhost
tx: 0xe0da49201fcb21f10c2884279ee43ad63ae346139e9f95e7991a7b7c378e0d6d
contract address: 0x629bBA58D1Bc73e9C515668A76F00DC8FE852065
deployer address: 0xc783df8a850f42e7F7e57013759C285caa701eB6
gas price: 8000000000
gas used: 5650970

******

*** AToken ***

Network: localhost
tx: 0x6a19fa9c7cbc714245413d7cef76ad8d84a6f267950c8b531f4fb4403e2c57a7
contract address: 0x2Ded2482555ABf714ebbc9Dd4b589e093C1a9eD2
deployer address: 0xc783df8a850f42e7F7e57013759C285caa701eB6
gas price: 8000000000
gas used: 9499999

******

*** DefaultReserveInterestRateStrategy ***

Network: localhost
tx: 0x521d14b37d34e8842e11897cbde3c6c75b991a749274e4d63dc5507c78e4f7ac
contract address: 0x2ECdf4E23a561A58E9e0f70cD109e8cD1C86A827
deployer address: 0xc783df8a850f42e7F7e57013759C285caa701eB6
gas price: 8000000000
gas used: 2916655

******

*** StableDebtToken ***

Network: localhost
tx: 0x92673002c4b70c9670f154724bdb48293b9652b4d916a5ea0b9b33e808cd9270
contract address: 0xf70adAAfe9883E4D52587197Cd39dc85C2B23c57
deployer address: 0xc783df8a850f42e7F7e57013759C285caa701eB6
gas price: 8000000000
gas used: 6128310

******

*** VariableDebtToken ***

Network: localhost
tx: 0xdfa31bd3eaeb3367325257b7ee283867dc5bb62ae8e8f43e42547e6c6053200f
contract address: 0xC07b1cE4372334264E2124b893b8445F34c2009f
deployer address: 0xc783df8a850f42e7F7e57013759C285caa701eB6
gas price: 8000000000
gas used: 5651090

******

*** AToken ***

Network: localhost
tx: 0x355e2ef294f2951dfa2f039db038543c0abeec606cd69bc425ccfdfc587fa0d2
contract address: 0x1b9F3F849801E7Bc6C3124296fc35A83Fd40654b
deployer address: 0xc783df8a850f42e7F7e57013759C285caa701eB6
gas price: 8000000000
gas used: 9499999

******

*** DefaultReserveInterestRateStrategy ***

Network: localhost
tx: 0xefd434318327a3626c371301a42d2cc9f1b17cad2dfb4f1c42fb56b09b8e41aa
contract address: 0x501Cb4bBA78Ca688A59DEedE4E121590eEC20C77
deployer address: 0xc783df8a850f42e7F7e57013759C285caa701eB6
gas price: 8000000000
gas used: 2916655

******

*** StableDebtToken ***

Network: localhost
tx: 0xe36cb2e2369f27648748e0e182329cbf906f31fd832e67de78d8686501b489a5
contract address: 0x3346C431D2E9bA398a5A690ca49Ca4E3b13472FD
deployer address: 0xc783df8a850f42e7F7e57013759C285caa701eB6
gas price: 8000000000
gas used: 6128250

******

*** VariableDebtToken ***

Network: localhost
tx: 0x48fb6ae7811bd7c8fdec948249d1e9ad78439ce7a5b2a5983b92a87b844e02a8
contract address: 0xcb82DF442005768Bd6E3f1597255dfD60Af26d57
deployer address: 0xc783df8a850f42e7F7e57013759C285caa701eB6
gas price: 8000000000
gas used: 5651030

******

*** AToken ***

Network: localhost
tx: 0xad153aa4fdd44ad6fb893766cc7eda637b6b0cba2859fe9c56dd522bc2e65e12
contract address: 0x6fb48b45f290a76c1331991c9D7F8ef3D9FE5C36
deployer address: 0xc783df8a850f42e7F7e57013759C285caa701eB6
gas price: 8000000000
gas used: 9499999

******

*** DefaultReserveInterestRateStrategy ***

Network: localhost
tx: 0x7cea4f37b50c4786e9df8ca8f09c29ed9b1daf4d05ff41210b23e4642f22cb23
contract address: 0xaCb0e28183B6e3b27741776B9A013521d92dcf42
deployer address: 0xc783df8a850f42e7F7e57013759C285caa701eB6
gas price: 8000000000
gas used: 2916655

******

*** StableDebtToken ***

Network: localhost
tx: 0x3b920d6dee6aecb25f15cf7a1a884c26e1186958fe487672f51e4fcf0ebd7f94
contract address: 0xA1efebb06E897703b1AEC2a8FA6141e377752b1d
deployer address: 0xc783df8a850f42e7F7e57013759C285caa701eB6
gas price: 8000000000
gas used: 6128190

******

*** VariableDebtToken ***

Network: localhost
tx: 0xc771692ccb883a273b63235e551f1570b20fc2946b6a3a6c2f75561746acd80c
contract address: 0xb664f305eB269F7EE2Bc657C59c0d8D4101c6857
deployer address: 0xc783df8a850f42e7F7e57013759C285caa701eB6
gas price: 8000000000
gas used: 5650970

******

*** AToken ***

Network: localhost
tx: 0x542ba4ab070c693dac934480a950b60c99137fe160cebe1f3092a3f5812faca3
contract address: 0x29C059D0CB7621BA9E93467945A6336c783b2d2A
deployer address: 0xc783df8a850f42e7F7e57013759C285caa701eB6
gas price: 8000000000
gas used: 9499999

******

*** DefaultReserveInterestRateStrategy ***

Network: localhost
tx: 0x09b12f7981ceff6df8f318a23dae0eb46a2a00058b209e8dfea68fd4c71df420
contract address: 0xbB405796150960679458C9F03e7da176F7daC6d3
deployer address: 0xc783df8a850f42e7F7e57013759C285caa701eB6
gas price: 8000000000
gas used: 2916655

******

*** StableDebtToken ***

Network: localhost
tx: 0x5bd0106deaac62e2bcd5ed0cf584b5e833610a736e04c95c65a98ed04cc45a73
contract address: 0xB82b53c852eABCFd35C757119C520F382eC31390
deployer address: 0xc783df8a850f42e7F7e57013759C285caa701eB6
gas price: 8000000000
gas used: 6128190

******

*** VariableDebtToken ***

Network: localhost
tx: 0x08f3c16876b91a7cc6beec71b7173ae2dcca520c860c744174f2110d52d3305d
contract address: 0x87F5639fAe81B9Ee55AAc08aE306fB92f5AB6e71
deployer address: 0xc783df8a850f42e7F7e57013759C285caa701eB6
gas price: 8000000000
gas used: 5650970

******

*** AToken ***

Network: localhost
tx: 0xdb1a23da614ea9b704fe3580cc9af14889a1a26814e56b28d5cca7fbf1aada4e
contract address: 0xc86eF02EB0d1F712a2A054887a5Eab982a983C3f
deployer address: 0xc783df8a850f42e7F7e57013759C285caa701eB6
gas price: 8000000000
gas used: 9499999

******

*** DefaultReserveInterestRateStrategy ***

Network: localhost
tx: 0x41f78876c9a8ba8372b2a0ef0fe7cc0b1c398a01e4bf28ef89f85b3e1dbb90ab
contract address: 0x84C055Cf6b1429f41673d04D17019276547c4af0
deployer address: 0xc783df8a850f42e7F7e57013759C285caa701eB6
gas price: 8000000000
gas used: 2916655

******

*** StableDebtToken ***

Network: localhost
tx: 0x19dfde9cb5c45ea0b3586f752f80ebf9a6c02e55a6cf77a77688254ccf2541be
contract address: 0x52b733D5fA53E72E8A788419836e261b6Fa0eFC6
deployer address: 0xc783df8a850f42e7F7e57013759C285caa701eB6
gas price: 8000000000
gas used: 6128190

******

*** VariableDebtToken ***

Network: localhost
tx: 0xd36fcbb46b8cb664848df13f51120b3af95a99e333d5d324e463eec1f56f10c3
contract address: 0x5ff9A2405b72d33911853f1d0bFFC361baCE435E
deployer address: 0xc783df8a850f42e7F7e57013759C285caa701eB6
gas price: 8000000000
gas used: 5650970

******

*** AToken ***

Network: localhost
tx: 0x6a864bf1910e626bfb808e92827be216bea78040f3d7f1f33b28a3e5ae18c631
contract address: 0x9e2548EB10fC28CE3D1654BC7421808eE7092081
deployer address: 0xc783df8a850f42e7F7e57013759C285caa701eB6
gas price: 8000000000
gas used: 9499999

******

*** DefaultReserveInterestRateStrategy ***

Network: localhost
tx: 0xdd6117ffb11e3390a0610eadcea4520d25543dea7214686d147c75f610adea30
contract address: 0x792d861D3791F4Cce91798260F863110D2D9E75b
deployer address: 0xc783df8a850f42e7F7e57013759C285caa701eB6
gas price: 8000000000
gas used: 2916655

******

*** StableDebtToken ***

Network: localhost
tx: 0x814b1dc18904a1ca05c5ae4c5bb68ab73fac59c48e11924d1307ab5094411cfc
contract address: 0x5488bf6d62876d141cB0Db48929679D37dB265a5
deployer address: 0xc783df8a850f42e7F7e57013759C285caa701eB6
gas price: 8000000000
gas used: 6128310

******

*** VariableDebtToken ***

Network: localhost
tx: 0xb224b45f3831151e6dc6412f9205b442ec30b0bfd453589d5847faf8fa334c97
contract address: 0x6F7ee89b972c3212452E1e58628dAf7a3b7E9c7e
deployer address: 0xc783df8a850f42e7F7e57013759C285caa701eB6
gas price: 8000000000
gas used: 5651090

******

*** AToken ***

Network: localhost
tx: 0x250e2640db49570381e16d893884744d53206256dc442c74e2359374cd6c1341
contract address: 0xe3A3fa239eE31b38E56d8136822c3af7089B5b0E
deployer address: 0xc783df8a850f42e7F7e57013759C285caa701eB6
gas price: 8000000000
gas used: 9499999

******

*** DefaultReserveInterestRateStrategy ***

Network: localhost
tx: 0xb919389e36595914e6fa47a78b402550b70fa55140769091f682463caed539e4
contract address: 0x0aB0E3A07e92E161D461deDCAEdDFef906993f84
deployer address: 0xc783df8a850f42e7F7e57013759C285caa701eB6
gas price: 8000000000
gas used: 2916655

******

*** StableDebtToken ***

Network: localhost
tx: 0xfde754172191e3885aeaf871e9ec3a0e7f9e5534b038cc256fd6e2164aa1e8d9
contract address: 0xB964CE42932638Fc51cBFc7158686EF3f56D3262
deployer address: 0xc783df8a850f42e7F7e57013759C285caa701eB6
gas price: 8000000000
gas used: 6128190

******

*** VariableDebtToken ***

Network: localhost
tx: 0xf78ff3151eede55e5a3ce4e819f6ab262ac1704dd7a66f364339959c3fde919f
contract address: 0xa2203A921E4e6FeccCAbE83A19029B5200bEe779
deployer address: 0xc783df8a850f42e7F7e57013759C285caa701eB6
gas price: 8000000000
gas used: 5650970

******

*** AToken ***

Network: localhost
tx: 0x097bb8c68f3ba3552eab3b0a91ee58b25d25d2573b2a71465687c068620bc8f9
contract address: 0x61fCca5fcBEF2200C40c3e9ef555B9954035315D
deployer address: 0xc783df8a850f42e7F7e57013759C285caa701eB6
gas price: 8000000000
gas used: 9499999

******

*** DefaultReserveInterestRateStrategy ***

Network: localhost
tx: 0xabdb3c57d8a1859003a9cc92b0a5d668eee974fdf18e30481d97ea0be5090e48
contract address: 0x9DDc5C465F70b0dc78dF7cd02f52bc3d2751282a
deployer address: 0xc783df8a850f42e7F7e57013759C285caa701eB6
gas price: 8000000000
gas used: 2917135

******

*** StableDebtToken ***

Network: localhost
tx: 0xff60cd11c4845d9946fa1cbd5784ad799ce4dcfe5ee4c5c137eb638bc331a001
contract address: 0x1D2a59d3276A669d1943fc6BDF997BF697D09565
deployer address: 0xc783df8a850f42e7F7e57013759C285caa701eB6
gas price: 8000000000
gas used: 6128190

******

*** VariableDebtToken ***

Network: localhost
tx: 0xe7d8bc58eaadc19908c1493ba9b320a6c0a45ac29fe7572c83466df41e1f2a98
contract address: 0x1e3Fcd041d44C88762255E8eFda30d0Fc22FEe76
deployer address: 0xc783df8a850f42e7F7e57013759C285caa701eB6
gas price: 8000000000
gas used: 5650970

******

*** AToken ***

Network: localhost
tx: 0x38c31626f6d081130717f3b145a156421844612f3c6eaafc89c4a179bf550c41
contract address: 0x45585e87e657a54A0a0Fa25a6572217E63E5F2f7
deployer address: 0xc783df8a850f42e7F7e57013759C285caa701eB6
gas price: 8000000000
gas used: 9499999

******

*** DefaultReserveInterestRateStrategy ***

Network: localhost
tx: 0x324b1818692ada5ed43f7aa74c2f7da29808c44cdc77fe14716cdc48c02ff31d
contract address: 0x4c010BA8A40e5c13Acc1E32c025c2b2aea405Dbb
deployer address: 0xc783df8a850f42e7F7e57013759C285caa701eB6
gas price: 8000000000
gas used: 2917135

******

*** StableDebtToken ***

Network: localhost
tx: 0x5ccd1b76e8d2b577890fa4bedf04152628bc7480be830247eafba3d1fc08e7d9
contract address: 0x2ca7Aa6CcCdb5D77F1c1d3E6a21fF0F7ac24C825
deployer address: 0xc783df8a850f42e7F7e57013759C285caa701eB6
gas price: 8000000000
gas used: 6128250

******

*** VariableDebtToken ***

Network: localhost
tx: 0x1fbd7ae4adf29a8c8fbed413c48cbe83bfd81f2475bf87aeec7ad19496fc9624
contract address: 0x527a346011Cd6c71973f653426Ce609fa53dd59E
deployer address: 0xc783df8a850f42e7F7e57013759C285caa701eB6
gas price: 8000000000
gas used: 5651030

******

*** AToken ***

Network: localhost
tx: 0x35e4a759c6f93001aa11697082373f645f9e2d12f3c2247a9c7f8245643a8db4
contract address: 0x3035D5D127487Ee5Df5FD951D9624a8b877A8497
deployer address: 0xc783df8a850f42e7F7e57013759C285caa701eB6
gas price: 8000000000
gas used: 9499999

******

*** MockFlashLoanReceiver ***

Network: localhost
tx: 0xd7ee83594c1b864fb16cf8ff63e95b122af260df3f2b56eb643dcf004e12e507
contract address: 0x2aE520a05B31f170a18C425a1e8626aB7Ef71984
deployer address: 0xc783df8a850f42e7F7e57013759C285caa701eB6
gas price: 8000000000
gas used: 1730710

******

*** WalletBalanceProvider ***

Network: localhost
tx: 0x4043a4de9ef7fe0f601dbdcf4775c9384d2db0b4c867410cdbeb92512d647ff7
contract address: 0xBD2244f43f7BA73eB35A64302A6D8DBf17BdF2F1
deployer address: 0xc783df8a850f42e7F7e57013759C285caa701eB6
gas price: 8000000000
gas used: 2512320

******

*** AaveProtocolTestHelpers ***

Network: localhost
tx: 0xb406d28fc743855f784a865268662ed03bf4043f76d9a76fcafca2867b4e94c7
contract address: 0x18c3e48a45839B3BbC998c70A2fD41fB8D93a35D
deployer address: 0xc783df8a850f42e7F7e57013759C285caa701eB6
gas price: 8000000000
gas used: 2818975

******

setup: 22.891s
Pool loaded
Configurator loaded

***************
Setup and snapshot finished
***************

  AToken: Modifiers
    ✓ Tries to invoke mint not being the LendingPool
    ✓ Tries to invoke burn not being the LendingPool
    ✓ Tries to invoke transferOnLiquidation not being the LendingPool
    ✓ Tries to invoke transferUnderlyingTo not being the LendingPool

  AToken: Transfer
    ✓ User 0 deposits 1000 DAI, transfers to user 1
    ✓ User 1 redirects interest to user 2, transfers 500 DAI back to user 0
    ✓ User 0 transfers back to user 1
    ✓ User 0 deposits 1 WETH and user 1 tries to borrow, but the aTokens received as a transfer are not available as collateral (revert expected)
    ✓ User 1 sets the DAI as collateral and borrows, tries to transfer everything back to user 0 (revert expected)
    ✓ User 0 tries to transfer 0 balance (revert expected)
    ✓ User 1 repays the borrow, transfers aDAI back to user 0
    ✓ User 0 redirects interest to user 2, transfers 500 aDAI to user 1. User 1 redirects to user 3. User 0 transfers another 100 aDAI
    ✓ User 1 transfers the whole amount to himself

  LendingPoolConfigurator

    1) Deactivates the ETH reserve
    ✓ Rectivates the ETH reserve
    ✓ Check the onlyLendingPoolManager on deactivateReserve 
    ✓ Check the onlyLendingPoolManager on activateReserve 
    ✓ Freezes the ETH reserve
    ✓ Unfreezes the ETH reserve
    ✓ Check the onlyLendingPoolManager on freezeReserve 
    ✓ Check the onlyLendingPoolManager on unfreezeReserve 
    ✓ Deactivates the ETH reserve for borrowing

    2) Activates the ETH reserve for borrowing
    ✓ Check the onlyLendingPoolManager on disableBorrowingOnReserve 
    ✓ Check the onlyLendingPoolManager on enableBorrowingOnReserve 
    ✓ Deactivates the ETH reserve as collateral
    ✓ Activates the ETH reserve as collateral
    ✓ Check the onlyLendingPoolManager on disableReserveAsCollateral 
    ✓ Check the onlyLendingPoolManager on enableReserveAsCollateral 
    ✓ Disable stable borrow rate on the ETH reserve
    ✓ Enables stable borrow rate on the ETH reserve
    ✓ Check the onlyLendingPoolManager on disableReserveStableRate
    ✓ Check the onlyLendingPoolManager on enableReserveStableRate
    ✓ Changes LTV of the reserve
    ✓ Check the onlyLendingPoolManager on setLtv
    ✓ Changes liquidation threshold of the reserve
    ✓ Check the onlyLendingPoolManager on setLiquidationThreshold
    ✓ Changes liquidation bonus of the reserve
    ✓ Check the onlyLendingPoolManager on setLiquidationBonus
    ✓ Check the onlyLendingPoolManager on setReserveDecimals
    ✓ Check the onlyLendingPoolManager on setLiquidationBonus
    ✓ Reverts when trying to disable the DAI reserve with liquidity on it

  LendingPool FlashLoan function
    ✓ Deposits ETH into the reserve

    3) Takes ETH flashloan, returns the funds correctly
Total liquidity is  2000720000285388128

    4) Takes an ETH flashloan as big as the available liquidity
    ✓ Takes WETH flashloan, does not return the funds (revert expected)
    ✓ tries to take a very small flashloan, which would result in 0 fees (revert expected)
    ✓ tries to take a flashloan that is bigger than the available liquidity (revert expected)
    ✓ tries to take a flashloan using a non contract address as receiver (revert expected)
    ✓ Deposits DAI into the reserve

    5) Takes out a 500 DAI flashloan, returns the funds correctly
    ✓ Takes out a 500 DAI flashloan, does not return the funds (revert expected)

  LendingPoolAddressesProvider
    ✓ Test the accessibility of the LendingPoolAddressesProvider

  LendingPool liquidation - liquidator receiving aToken

    6) LIQUIDATION - Deposits WETH, borrows DAI/Check liquidation fails because health factor is above 1

    7) LIQUIDATION - Drop the health factor below 1

    8) LIQUIDATION - Tries to liquidate a different currency than the loan principal

    9) LIQUIDATION - Tries to liquidate a different collateral than the borrower collateral

    10) LIQUIDATION - Liquidates the borrow

    11) User 3 deposits 1000 USDC, user 4 1 WETH, user 4 borrows - drops HF, liquidates the borrow

  LendingPool liquidation - liquidator receiving the underlying asset

    12) LIQUIDATION - Deposits WETH, borrows DAI

    13) LIQUIDATION - Drop the health factor below 1

    14) LIQUIDATION - Liquidates the borrow

    15) User 3 deposits 1000 USDC, user 4 1 WETH, user 4 borrows - drops HF, liquidates the borrow

    16) User 4 deposits 1000 LEND - drops HF, liquidates the LEND, which results on a lower amount being liquidated

  LendingPool: Borrow negatives (reverts)
    ✓ User 0 deposits 1000 DAI, user 1 deposits 1 WETH as collateral and tries to borrow 100 DAI with rate mode NONE (revert expected)
    ✓ User 0 deposits 1000 DAI, user 1 deposits 1 WETH as collateral and tries to borrow 100 DAI with an invalid rate mode (revert expected)

  LendingPool: Borrow/repay (stable rate)

    17) User 0 deposits 1000 DAI, user 1 deposits 1 WETH as collateral and borrows 100 DAI at stable rate
    ✓ User 1 tries to borrow the rest of the DAI liquidity (revert expected)

    18) User 1 repays the half of the DAI borrow after one year

    19) User 1 repays the rest of the DAI borrow after one year
    ✓ User 0 withdraws the deposited DAI plus interest

    20) User 1 deposits 1000 DAI, user 2 tries to borrow 1000 DAI at a stable rate without any collateral (revert expected)

    21) User 0 deposits 1000 DAI, user 1,2,3,4 deposit 1 WETH each and borrow 100 DAI at stable rate. Everything is repaid, user 0 withdraws
    ✓ User 0 deposits 1000 DAI, user 1 deposits 2 WETH and borrow 100 DAI at stable rate first, then 100 DAI at variable rate, repays everything. User 0 withdraws

  LendingPool: Borrow/repay (variable rate)
    ✓ User 2 deposits 1 DAI to account for rounding errors
    ✓ User 0 deposits 1000 DAI, user 1 deposits 1 WETH as collateral and borrows 100 DAI at variable rate
    ✓ User 1 tries to borrow the rest of the DAI liquidity (revert expected)
    ✓ User 1 tries to repay 0 DAI (revert expected)
    ✓ User 1 repays a small amount of DAI, enough to cover a small part of the interest
    ✓ User 1 repays the DAI borrow after one year
    ✓ User 0 withdraws the deposited DAI plus interest
    ✓ User 1 withdraws the collateral
    ✓ User 2 deposits a small amount of WETH to account for rounding errors
    ✓ User 0 deposits 1 WETH, user 1 deposits 100 LINK as collateral and borrows 0.5 ETH at variable rate
    ✓ User 1 tries to repay 0 ETH
    ✓ User 2 tries to repay everything on behalf of user 1 using uint(-1) (revert expected)
    ✓ User 3 repays a small amount of WETH on behalf of user 1
    ✓ User 1 repays the WETH borrow after one year
    ✓ User 0 withdraws the deposited WETH plus interest
    ✓ User 1 withdraws the collateral
    ✓ User 2 deposits 1 USDC to account for rounding errors
    ✓ User 0 deposits 1000 USDC, user 1 deposits 1 WETH as collateral and borrows 100 USDC at variable rate

    22) User 1 tries to borrow the rest of the USDC liquidity (revert expected)
    ✓ User 1 repays the USDC borrow after one year
    ✓ User 0 withdraws the deposited USDC plus interest
    ✓ User 1 withdraws the collateral

    23) User 1 deposits 1000 DAI, user 3 tries to borrow 1000 DAI without any collateral (revert expected)

    24) user 3 deposits 0.1 ETH collateral to borrow 100 DAI; 0.1 ETH is not enough to borrow 100 DAI (revert expected)
    ✓ user 3 withdraws the 0.1 ETH
    ✓ User 1 deposits 1000 USDC, user 3 tries to borrow 1000 USDC without any collateral (revert expected)

    25) user 3 deposits 0.1 ETH collateral to borrow 100 USDC; 0.1 ETH is not enough to borrow 100 USDC (revert expected)
    ✓ user 3 withdraws the 0.1 ETH

    26) User 0 deposits 1000 DAI, user 6 deposits 2 WETH and borrow 100 DAI at variable rate first, then 100 DAI at stable rate, repays everything. User 0 withdraws

  LendingPool: Deposit
    ✓ User 0 Deposits 1000 DAI in an empty reserve
    ✓ User 1 deposits 1000 DAI after user 1
    ✓ User 0 deposits 1000 USDC in an empty reserve
    ✓ User 1 deposits 1000 USDC after user 0
    ✓ User 0 deposits 1 WETH in an empty reserve
    ✓ User 1 deposits 1 WETH after user 0
    ✓ User 1 deposits 0 ETH (revert expected)
    ✓ User 1 deposits 0 DAI

  AToken: interest rate redirection negative test cases
    ✓ User 0 deposits 1000 DAI, tries to give allowance to redirect interest to himself (revert expected)
    ✓ User 1 tries to redirect the interest of user 0 without allowance (revert expected)

    27) User 0 tries to redirect the interest to user 2 twice (revert expected)

    28) User 3 with 0 balance tries to redirect the interest to user 2 (revert expected)

  AToken: interest rate redirection

    29) User 0 deposits 1000 DAI, redirects the interest to user 2
    ✓ User 1 deposits 1 ETH, borrows 100 DAI, repays after one year. Users 0 deposits another 1000 DAI. Redirected balance of user 2 is updated

    30) User 1 borrows another 100 DAI, repay the whole amount. Users 0 and User 2 withdraw

    31) User 0 deposits 1000 DAI, redirects interest to user 2, user 1 borrows 100 DAI. After one year, user 0 redirects interest back to himself, user 1 borrows another 100 DAI and after another year repays the whole amount. Users 0 and User 2 withdraw

    32) User 0 deposits 1000 DAI, redirects interest to user 2, user 1 borrows 100 DAI. After one year, user 2 redirects interest to user 3. user 1 borrows another 100 DAI, user 0 deposits another 100 DAI. User 1 repays the whole amount. Users 0, 2 first 1 DAI, then everything. User 3 withdraws

  LendingPool: Rebalance stable rate
    ✓ User 0 tries to rebalance user 1 who has no borrows in progress (revert expected)
    ✓ User 0 deposits 1000 DAI, user 1 deposits 1 ETH, borrows 100 DAI at a variable rate, user 0 rebalances user 1 (revert expected)

    33) User 1 swaps to stable, user 0 tries to rebalance but the conditions are not met (revert expected)

    34) User 2 deposits ETH and borrows the remaining DAI, causing the stable rates to rise (liquidity rate < user 1 borrow rate). User 0 tries to rebalance user 1 (revert expected)

    35) User 2 borrows more DAI, causing the liquidity rate to rise above user 1 stable borrow rate User 0 rebalances user 1

  LendingPool: Usage as collateral
    ✓ User 0 Deposits 1000 DAI, disables DAI as collateral

    36) User 1 Deposits 2 ETH, disables ETH as collateral, borrows 400 DAI (revert expected)
    ✓ User 1 enables ETH as collateral, borrows 400 DAI

    37) User 1 disables ETH as collateral (revert expected)

  LendingPool: Swap rate mode
    ✓ User 0 tries to swap rate mode without any variable rate loan in progress (revert expected)
    ✓ User 0 tries to swap rate mode without any stable rate loan in progress (revert expected)

    38) User 0 deposits 1000 DAI, user 1 deposits 2 ETH as collateral, borrows 100 DAI at variable rate and swaps to stable after one year

    39) User 1 borrows another 100 DAI, and swaps back to variable after one year, repays the loan

  LendingPool: Redeem negative test cases
    ✓ Users 0 Deposits 1000 DAI and tries to redeem 0 DAI (revert expected)

    40) Users 0 tries to redeem 1100 DAI from the 1000 DAI deposited (revert expected)

    41) Users 1 deposits 1 WETH, borrows 100 DAI, tries to redeem the 1 WETH deposited (revert expected)

  LendingPool: withdraw
    ✓ User 0 Deposits 1000 DAI in an empty reserve
    ✓ User 0 withdraws half of the deposited DAI
    ✓ User 0 withdraws remaining half of the deposited DAI
    ✓ User 0 Deposits 1000 USDC in an empty reserve
    ✓ User 0 withdraws half of the deposited USDC
    ✓ User 0 withdraws remaining half of the deposited USDC
    ✓ User 0 Deposits 1 WETH in an empty reserve
    ✓ User 0 withdraws half of the deposited ETH
    ✓ User 0 withdraws remaining half of the deposited ETH

    42) Users 0 and 1 Deposit 1000 DAI, both withdraw
    ✓ Users 0 deposits 1000 DAI, user 1 Deposit 1000 USDC and 1 WETH, borrows 100 DAI. User 1 tries to withdraw all the USDC

  Stable debt token tests
    ✓ Tries to invoke mint not being the LendingPool
    ✓ Tries to invoke burn not being the LendingPool

  Upgradeability
*** MockAToken ***

Network: localhost
tx: 0xf94ff11f88ae61a553703ac61194b377d10db1eeb62a2ae4fc9200b2d3ac5ffe
contract address: 0xAA6DfC2A802857Fadb75726B6166484e2c011cf5
deployer address: 0xc783df8a850f42e7F7e57013759C285caa701eB6
gas price: 8000000000
gas used: 9499999

******

*** MockStableDebtToken ***

Network: localhost
tx: 0x3f3fdd7645e067ef432956779e204f2b173baf87472e497c9673201c790e5543
contract address: 0xFd23fD3d937ae73a7b545B8Bfeb218395bDe9b8f
deployer address: 0xc783df8a850f42e7F7e57013759C285caa701eB6
gas price: 8000000000
gas used: 6331580

******

*** MockVariableDebtToken ***

Network: localhost
tx: 0xb17942d4f535a6fe4d349c74c5a480354d3c07565a0e8f10f05706dec1c59fcd
contract address: 0xEe821582b591CE5e4a9B7fFc4E2DAD47D3759C08
deployer address: 0xc783df8a850f42e7F7e57013759C285caa701eB6
gas price: 8000000000
gas used: 5854360

******

    ✓ Tries to update the DAI Atoken implementation with a different address than the lendingPoolManager
    ✓ Upgrades the DAI Atoken implementation 
    ✓ Tries to update the DAI Stable debt token implementation with a different address than the lendingPoolManager
    ✓ Upgrades the DAI stable debt token implementation 
    ✓ Tries to update the DAI variable debt token implementation with a different address than the lendingPoolManager
    ✓ Upgrades the DAI variable debt token implementation 

  Variable debt token tests
    ✓ Tries to invoke mint not being the LendingPool
    ✓ Tries to invoke burn not being the LendingPool

·------------------------------------------------------------------|---------------------------|-------------|-----------------------------·
|                       [90mSolc version: 0.6.8[39m                        ·  [90mOptimizer enabled: true[39m  ·  [90mRuns: 200[39m  ·  [90mBlock limit: 10000000 gas[39m  │
···································································|···························|·············|······························
|  [32m[1mMethods[22m[39m                                                                                                                                 │
·································|·································|·············|·············|·············|···············|··············
|  [1mContract[22m                      ·  [1mMethod[22m                         ·  [32mMin[39m        ·  [32mMax[39m        ·  [32mAvg[39m        ·  [1m# calls[22m      ·  [1meur (avg)[22m  │
·································|·································|·············|·············|·············|···············|··············
|  [90mLendingPool[39m                   ·  borrow                         ·     [36m310996[39m  ·     [31m390411[39m  ·     342303  ·           [90m16[39m  ·          [32m[90m-[32m[39m  │
·································|·································|·············|·············|·············|···············|··············
|  [90mLendingPool[39m                   ·  deposit                        ·     [36m163326[39m  ·     [31m301355[39m  ·     211548  ·           [90m63[39m  ·          [32m[90m-[32m[39m  │
·································|·································|·············|·············|·············|···············|··············
|  [90mLendingPool[39m                   ·  flashLoan                      ·     [36m127473[39m  ·     [31m127485[39m  ·     127479  ·            [90m2[39m  ·          [32m[90m-[32m[39m  │
·································|·································|·············|·············|·············|···············|··············
|  [90mLendingPool[39m                   ·  repay                          ·     [36m119550[39m  ·     [31m218726[39m  ·     174340  ·           [90m12[39m  ·          [32m[90m-[32m[39m  │
·································|·································|·············|·············|·············|···············|··············
|  [90mLendingPool[39m                   ·  setUserUseReserveAsCollateral  ·      [36m83143[39m  ·     [31m202731[39m  ·     134228  ·            [90m5[39m  ·          [32m[90m-[32m[39m  │
·································|·································|·············|·············|·············|···············|··············
|  [90mLendingPool[39m                   ·  swapBorrowRateMode             ·          -  ·          -  ·     167109  ·            [90m1[39m  ·          [32m[90m-[32m[39m  │
·································|·································|·············|·············|·············|···············|··············
|  [90mLendingPool[39m                   ·  withdraw                       ·     [36m165643[39m  ·     [31m336106[39m  ·     226426  ·           [90m32[39m  ·          [32m[90m-[32m[39m  │
·································|·································|·············|·············|·············|···············|··············
|  [90mLendingPoolAddressesProvider[39m  ·  transferOwnership              ·          -  ·          -  ·      30839  ·            [90m1[39m  ·          [32m[90m-[32m[39m  │
·································|·································|·············|·············|·············|···············|··············
|  [90mLendingPoolConfigurator[39m       ·  activateReserve                ·          -  ·          -  ·      46817  ·            [90m4[39m  ·          [32m[90m-[32m[39m  │
·································|·································|·············|·············|·············|···············|··············
|  [90mLendingPoolConfigurator[39m       ·  disableBorrowingOnReserve      ·          -  ·          -  ·      50983  ·            [90m1[39m  ·          [32m[90m-[32m[39m  │
·································|·································|·············|·············|·············|···············|··············
|  [90mLendingPoolConfigurator[39m       ·  disableReserveAsCollateral     ·          -  ·          -  ·      50919  ·            [90m2[39m  ·          [32m[90m-[32m[39m  │
·································|·································|·············|·············|·············|···············|··············
|  [90mLendingPoolConfigurator[39m       ·  disableReserveStableRate       ·          -  ·          -  ·      51048  ·            [90m2[39m  ·          [32m[90m-[32m[39m  │
·································|·································|·············|·············|·············|···············|··············
|  [90mLendingPoolConfigurator[39m       ·  enableBorrowingOnReserve       ·          -  ·          -  ·      51559  ·            [90m3[39m  ·          [32m[90m-[32m[39m  │
·································|·································|·············|·············|·············|···············|··············
|  [90mLendingPoolConfigurator[39m       ·  enableReserveAsCollateral      ·          -  ·          -  ·      52408  ·            [90m4[39m  ·          [32m[90m-[32m[39m  │
·································|·································|·············|·············|·············|···············|··············
|  [90mLendingPoolConfigurator[39m       ·  enableReserveStableRate        ·          -  ·          -  ·      50928  ·            [90m4[39m  ·          [32m[90m-[32m[39m  │
·································|·································|·············|·············|·············|···············|··············
|  [90mLendingPoolConfigurator[39m       ·  freezeReserve                  ·          -  ·          -  ·      50963  ·            [90m2[39m  ·          [32m[90m-[32m[39m  │
·································|·································|·············|·············|·············|···············|··············
|  [90mLendingPoolConfigurator[39m       ·  setLiquidationBonus            ·          -  ·          -  ·      51240  ·            [90m5[39m  ·          [32m[90m-[32m[39m  │
·································|·································|·············|·············|·············|···············|··············
|  [90mLendingPoolConfigurator[39m       ·  setLiquidationThreshold        ·          -  ·          -  ·      51241  ·            [90m3[39m  ·          [32m[90m-[32m[39m  │
·································|·································|·············|·············|·············|···············|··············
|  [90mLendingPoolConfigurator[39m       ·  setLtv                         ·          -  ·          -  ·      51269  ·            [90m3[39m  ·          [32m[90m-[32m[39m  │
·································|·································|·············|·············|·············|···············|··············
|  [90mLendingPoolConfigurator[39m       ·  unfreezeReserve                ·          -  ·          -  ·      51026  ·            [90m4[39m  ·          [32m[90m-[32m[39m  │
·································|·································|·············|·············|·············|···············|··············
|  [90mLendingPoolConfigurator[39m       ·  updateAToken                   ·          -  ·          -  ·     140669  ·            [90m3[39m  ·          [32m[90m-[32m[39m  │
·································|·································|·············|·············|·············|···············|··············
|  [90mLendingPoolConfigurator[39m       ·  updateStableDebtToken          ·          -  ·          -  ·     140932  ·            [90m3[39m  ·          [32m[90m-[32m[39m  │
·································|·································|·············|·············|·············|···············|··············
|  [90mLendingPoolConfigurator[39m       ·  updateVariableDebtToken        ·          -  ·          -  ·     140901  ·            [90m3[39m  ·          [32m[90m-[32m[39m  │
·································|·································|·············|·············|·············|···············|··············
|  [90mMintableERC20[39m                 ·  approve                        ·      [36m24907[39m  ·      [31m44119[39m  ·      32449  ·           [90m47[39m  ·          [32m[90m-[32m[39m  │
·································|·································|·············|·············|·············|···············|··············
|  [90mMintableERC20[39m                 ·  mint                           ·      [36m35427[39m  ·      [31m65475[39m  ·      40972  ·           [90m49[39m  ·          [32m[90m-[32m[39m  │
·································|·································|·············|·············|·············|···············|··············
|  [90mMintableERC20[39m                 ·  transfer                       ·     [36m138351[39m  ·     [31m219471[39m  ·     178116  ·           [90m13[39m  ·          [32m[90m-[32m[39m  │
·································|·································|·············|·············|·············|···············|··············
|  [90mMockAToken[39m                    ·  redirectInterestStream         ·     [36m124867[39m  ·     [31m144079[39m  ·     137671  ·            [90m3[39m  ·          [32m[90m-[32m[39m  │
·································|·································|·············|·············|·············|···············|··············
|  [90mMockFlashLoanReceiver[39m         ·  setFailExecutionTransfer       ·          -  ·          -  ·      42239  ·            [90m7[39m  ·          [32m[90m-[32m[39m  │
·································|·································|·············|·············|·············|···············|··············
|  [32m[1mDeployments[22m[39m                                                     ·                                         ·  [1m% of limit[22m   ·             │
···································································|·············|·············|·············|···············|··············
|  MockVariableDebtToken                                           ·          -  ·          -  ·    1170872  ·       [90m11.7 %[39m  ·          [32m[90m-[32m[39m  │
···································································|·············|·············|·············|···············|··············
|  ValidationLogic                                                 ·          -  ·          -  ·    1631264  ·       [90m16.3 %[39m  ·          [32m[90m-[32m[39m  │
·------------------------------------------------------------------|-------------|-------------|-------------|---------------|-------------·

  115 passing (4m)
  42 failing

  1) LendingPoolConfigurator
       Deactivates the ETH reserve:
     Error: VM Exception while processing transaction: revert The liquidity of the reserve needs to be 0
      at HttpProvider.send (node_modules/@nomiclabs/buidler/src/internal/core/providers/http.ts:36:34)
      at getMultipliedGasEstimation (node_modules/@nomiclabs/buidler/src/internal/core/providers/gas-providers.ts:150:45)
      at /src/node_modules/@nomiclabs/buidler/src/internal/core/providers/gas-providers.ts:108:14
      at Proxy.cloningSendWrapper (node_modules/@nomiclabs/buidler/src/internal/core/providers/wrapper.ts:9:12)
      at /src/node_modules/@nomiclabs/buidler/src/internal/core/providers/accounts.ts:219:21
      at Proxy.cloningSendWrapper (node_modules/@nomiclabs/buidler/src/internal/core/providers/wrapper.ts:9:12)
      at /src/node_modules/@nomiclabs/buidler/src/internal/core/providers/gas-providers.ts:63:21
      at Proxy.cloningSendWrapper (node_modules/@nomiclabs/buidler/src/internal/core/providers/wrapper.ts:9:12)
      at /src/node_modules/@nomiclabs/buidler/src/internal/core/providers/gas-providers.ts:82:21
      at Proxy.cloningSendWrapper (node_modules/@nomiclabs/buidler/src/internal/core/providers/wrapper.ts:9:12)
      at EthersProviderWrapper.send (node_modules/@nomiclabs/buidler-ethers/src/ethers-provider-wrapper.ts:13:48)
      at EthersProviderWrapper.JsonRpcProvider.perform (node_modules/@ethersproject/providers/src.ts/json-rpc-provider.ts:432:21)
      at EthersProviderWrapper.<anonymous> (node_modules/@ethersproject/providers/src.ts/base-provider.ts:850:42)
      at step (node_modules/@ethersproject/providers/lib/base-provider.js:46:23)
      at Object.next (node_modules/@ethersproject/providers/lib/base-provider.js:27:53)
      at fulfilled (node_modules/@ethersproject/providers/lib/base-provider.js:18:58)
      at runMicrotasks (<anonymous>)
      at processTicksAndRejections (internal/process/task_queues.js:97:5)

  2) LendingPoolConfigurator
       Activates the ETH reserve for borrowing:

      AssertionError: expected '1000000000951293759814590868' to equal '1000000000000000000000000000'
      + expected - actual

      -1000000000951293759814590868
      +1000000000000000000000000000
      
      at /src/test/configurator.spec.ts:86:50
      at step (test/configurator.spec.ts:33:23)
      at Object.next (test/configurator.spec.ts:14:53)
      at fulfilled (test/configurator.spec.ts:5:58)
      at runMicrotasks (<anonymous>)
      at processTicksAndRejections (internal/process/task_queues.js:97:5)

  3) LendingPool FlashLoan function
       Takes ETH flashloan, returns the funds correctly:

      AssertionError: expected '2000720000285388128' to equal '1000720000000000000'
      + expected - actual

      -2000720000285388128
      +1000720000000000000
      
      at /src/test/flashloan.spec.ts:54:45
      at step (test/flashloan.spec.ts:33:23)
      at Object.next (test/flashloan.spec.ts:14:53)
      at fulfilled (test/flashloan.spec.ts:5:58)
      at runMicrotasks (<anonymous>)
      at processTicksAndRejections (internal/process/task_queues.js:97:5)

  4) LendingPool FlashLoan function
       Takes an ETH flashloan as big as the available liquidity:

      AssertionError: expected '2001620648285388128' to equal '1001620648000000000'
      + expected - actual

      -2001620648285388128
      +1001620648000000000
      
      at /src/test/flashloan.spec.ts:82:45
      at step (test/flashloan.spec.ts:33:23)
      at Object.next (test/flashloan.spec.ts:14:53)
      at fulfilled (test/flashloan.spec.ts:5:58)
      at runMicrotasks (<anonymous>)
      at processTicksAndRejections (internal/process/task_queues.js:97:5)

  5) LendingPool FlashLoan function
       Takes out a 500 DAI flashloan, returns the funds correctly:
     AssertionError: Expected "3000450000000000000000" to be equal 1000450000000000000000
      at /src/test/flashloan.spec.ts:175:34
      at step (test/flashloan.spec.ts:33:23)
      at Object.next (test/flashloan.spec.ts:14:53)
      at fulfilled (test/flashloan.spec.ts:5:58)
      at runMicrotasks (<anonymous>)
      at processTicksAndRejections (internal/process/task_queues.js:97:5)

  6) LendingPool liquidation - liquidator receiving aToken
       LIQUIDATION - Deposits WETH, borrows DAI/Check liquidation fails because health factor is above 1:

      AssertionError: expected '5534' to equal '8000'
      + expected - actual

      -5534
      +8000
      
      at /src/test/liquidation-atoken.spec.ts:66:88
      at step (test/liquidation-atoken.spec.ts:33:23)
      at Object.next (test/liquidation-atoken.spec.ts:14:53)
      at fulfilled (test/liquidation-atoken.spec.ts:5:58)
      at runMicrotasks (<anonymous>)
      at processTicksAndRejections (internal/process/task_queues.js:97:5)

  7) LendingPool liquidation - liquidator receiving aToken
       LIQUIDATION - Drop the health factor below 1:

      AssertionError: expected '1125536573927102016' to be less than '1000000000000000000'
      + expected - actual

      -1125536573927102016
      +1000000000000000000
      
      at /src/test/liquidation-atoken.spec.ts:90:68
      at step (test/liquidation-atoken.spec.ts:33:23)
      at Object.next (test/liquidation-atoken.spec.ts:14:53)
      at fulfilled (test/liquidation-atoken.spec.ts:5:58)
      at runMicrotasks (<anonymous>)
      at processTicksAndRejections (internal/process/task_queues.js:97:5)

  8) LendingPool liquidation - liquidator receiving aToken
       LIQUIDATION - Tries to liquidate a different currency than the loan principal:
     AssertionError: Expected transaction to be reverted with User did not borrow the specified currency, but other exception was thrown: Error: VM Exception while processing transaction: revert Health factor is not below the threshold
  

  9) LendingPool liquidation - liquidator receiving aToken
       LIQUIDATION - Tries to liquidate a different collateral than the borrower collateral:
     AssertionError: Expected transaction to be reverted with The collateral chosen cannot be liquidated, but other exception was thrown: Error: VM Exception while processing transaction: revert Health factor is not below the threshold
  

  10) LendingPool liquidation - liquidator receiving aToken
       LIQUIDATION - Liquidates the borrow:
     Error: VM Exception while processing transaction: revert Health factor is not below the threshold
      at HttpProvider.send (node_modules/@nomiclabs/buidler/src/internal/core/providers/http.ts:36:34)
      at getMultipliedGasEstimation (node_modules/@nomiclabs/buidler/src/internal/core/providers/gas-providers.ts:150:45)
      at /src/node_modules/@nomiclabs/buidler/src/internal/core/providers/gas-providers.ts:108:14
      at Proxy.cloningSendWrapper (node_modules/@nomiclabs/buidler/src/internal/core/providers/wrapper.ts:9:12)
      at /src/node_modules/@nomiclabs/buidler/src/internal/core/providers/accounts.ts:219:21
      at Proxy.cloningSendWrapper (node_modules/@nomiclabs/buidler/src/internal/core/providers/wrapper.ts:9:12)
      at /src/node_modules/@nomiclabs/buidler/src/internal/core/providers/gas-providers.ts:63:21
      at Proxy.cloningSendWrapper (node_modules/@nomiclabs/buidler/src/internal/core/providers/wrapper.ts:9:12)
      at /src/node_modules/@nomiclabs/buidler/src/internal/core/providers/gas-providers.ts:82:21
      at Proxy.cloningSendWrapper (node_modules/@nomiclabs/buidler/src/internal/core/providers/wrapper.ts:9:12)
      at EthersProviderWrapper.send (node_modules/@nomiclabs/buidler-ethers/src/ethers-provider-wrapper.ts:13:48)
      at EthersProviderWrapper.JsonRpcProvider.perform (node_modules/@ethersproject/providers/src.ts/json-rpc-provider.ts:432:21)
      at EthersProviderWrapper.<anonymous> (node_modules/@ethersproject/providers/src.ts/base-provider.ts:850:42)
      at step (node_modules/@ethersproject/providers/lib/base-provider.js:46:23)
      at Object.next (node_modules/@ethersproject/providers/lib/base-provider.js:27:53)
      at fulfilled (node_modules/@ethersproject/providers/lib/base-provider.js:18:58)
      at runMicrotasks (<anonymous>)
      at processTicksAndRejections (internal/process/task_queues.js:97:5)

  11) LendingPool liquidation - liquidator receiving aToken
       User 3 deposits 1000 USDC, user 4 1 WETH, user 4 borrows - drops HF, liquidates the borrow:
     Error: VM Exception while processing transaction: revert SafeMath: division by zero
      at HttpProvider.send (node_modules/@nomiclabs/buidler/src/internal/core/providers/http.ts:36:34)
      at getMultipliedGasEstimation (node_modules/@nomiclabs/buidler/src/internal/core/providers/gas-providers.ts:150:45)
      at /src/node_modules/@nomiclabs/buidler/src/internal/core/providers/gas-providers.ts:108:14
      at Proxy.cloningSendWrapper (node_modules/@nomiclabs/buidler/src/internal/core/providers/wrapper.ts:9:12)
      at /src/node_modules/@nomiclabs/buidler/src/internal/core/providers/accounts.ts:219:21
      at Proxy.cloningSendWrapper (node_modules/@nomiclabs/buidler/src/internal/core/providers/wrapper.ts:9:12)
      at /src/node_modules/@nomiclabs/buidler/src/internal/core/providers/gas-providers.ts:63:21
      at Proxy.cloningSendWrapper (node_modules/@nomiclabs/buidler/src/internal/core/providers/wrapper.ts:9:12)
      at /src/node_modules/@nomiclabs/buidler/src/internal/core/providers/gas-providers.ts:82:21
      at Proxy.cloningSendWrapper (node_modules/@nomiclabs/buidler/src/internal/core/providers/wrapper.ts:9:12)
      at EthersProviderWrapper.send (node_modules/@nomiclabs/buidler-ethers/src/ethers-provider-wrapper.ts:13:48)
      at EthersProviderWrapper.JsonRpcProvider.perform (node_modules/@ethersproject/providers/src.ts/json-rpc-provider.ts:432:21)
      at EthersProviderWrapper.<anonymous> (node_modules/@ethersproject/providers/src.ts/base-provider.ts:850:42)
      at step (node_modules/@ethersproject/providers/lib/base-provider.js:46:23)
      at Object.next (node_modules/@ethersproject/providers/lib/base-provider.js:27:53)
      at fulfilled (node_modules/@ethersproject/providers/lib/base-provider.js:18:58)
      at runMicrotasks (<anonymous>)
      at processTicksAndRejections (internal/process/task_queues.js:97:5)

  12) LendingPool liquidation - liquidator receiving the underlying asset
       LIQUIDATION - Deposits WETH, borrows DAI:

      AssertionError: expected '4513' to equal '8000'
      + expected - actual

      -4513
      +8000
      
      at /src/test/liquidation-underlying.spec.ts:68:88
      at step (test/liquidation-underlying.spec.ts:33:23)
      at Object.next (test/liquidation-underlying.spec.ts:14:53)
      at fulfilled (test/liquidation-underlying.spec.ts:5:58)
      at runMicrotasks (<anonymous>)
      at processTicksAndRejections (internal/process/task_queues.js:97:5)

  13) LendingPool liquidation - liquidator receiving the underlying asset
       LIQUIDATION - Drop the health factor below 1:

      AssertionError: expected '1072938234852519524' to be less than '1000000000000000000'
      + expected - actual

      -1072938234852519524
      +1000000000000000000
      
      at /src/test/liquidation-underlying.spec.ts:87:68
      at step (test/liquidation-underlying.spec.ts:33:23)
      at Object.next (test/liquidation-underlying.spec.ts:14:53)
      at fulfilled (test/liquidation-underlying.spec.ts:5:58)
      at runMicrotasks (<anonymous>)
      at processTicksAndRejections (internal/process/task_queues.js:97:5)

  14) LendingPool liquidation - liquidator receiving the underlying asset
       LIQUIDATION - Liquidates the borrow:
     Error: VM Exception while processing transaction: revert Health factor is not below the threshold
      at HttpProvider.send (node_modules/@nomiclabs/buidler/src/internal/core/providers/http.ts:36:34)
      at getMultipliedGasEstimation (node_modules/@nomiclabs/buidler/src/internal/core/providers/gas-providers.ts:150:45)
      at /src/node_modules/@nomiclabs/buidler/src/internal/core/providers/gas-providers.ts:108:14
      at Proxy.cloningSendWrapper (node_modules/@nomiclabs/buidler/src/internal/core/providers/wrapper.ts:9:12)
      at /src/node_modules/@nomiclabs/buidler/src/internal/core/providers/accounts.ts:219:21
      at Proxy.cloningSendWrapper (node_modules/@nomiclabs/buidler/src/internal/core/providers/wrapper.ts:9:12)
      at /src/node_modules/@nomiclabs/buidler/src/internal/core/providers/gas-providers.ts:63:21
      at Proxy.cloningSendWrapper (node_modules/@nomiclabs/buidler/src/internal/core/providers/wrapper.ts:9:12)
      at /src/node_modules/@nomiclabs/buidler/src/internal/core/providers/gas-providers.ts:82:21
      at Proxy.cloningSendWrapper (node_modules/@nomiclabs/buidler/src/internal/core/providers/wrapper.ts:9:12)
      at EthersProviderWrapper.send (node_modules/@nomiclabs/buidler-ethers/src/ethers-provider-wrapper.ts:13:48)
      at EthersProviderWrapper.JsonRpcProvider.perform (node_modules/@ethersproject/providers/src.ts/json-rpc-provider.ts:432:21)
      at EthersProviderWrapper.<anonymous> (node_modules/@ethersproject/providers/src.ts/base-provider.ts:850:42)
      at step (node_modules/@ethersproject/providers/lib/base-provider.js:46:23)
      at Object.next (node_modules/@ethersproject/providers/lib/base-provider.js:27:53)
      at fulfilled (node_modules/@ethersproject/providers/lib/base-provider.js:18:58)
      at runMicrotasks (<anonymous>)
      at processTicksAndRejections (internal/process/task_queues.js:97:5)

  15) LendingPool liquidation - liquidator receiving the underlying asset
       User 3 deposits 1000 USDC, user 4 1 WETH, user 4 borrows - drops HF, liquidates the borrow:
     Error: VM Exception while processing transaction: revert Health factor is not below the threshold
      at HttpProvider.send (node_modules/@nomiclabs/buidler/src/internal/core/providers/http.ts:36:34)
      at getMultipliedGasEstimation (node_modules/@nomiclabs/buidler/src/internal/core/providers/gas-providers.ts:150:45)
      at /src/node_modules/@nomiclabs/buidler/src/internal/core/providers/gas-providers.ts:108:14
      at Proxy.cloningSendWrapper (node_modules/@nomiclabs/buidler/src/internal/core/providers/wrapper.ts:9:12)
      at /src/node_modules/@nomiclabs/buidler/src/internal/core/providers/accounts.ts:219:21
      at Proxy.cloningSendWrapper (node_modules/@nomiclabs/buidler/src/internal/core/providers/wrapper.ts:9:12)
      at /src/node_modules/@nomiclabs/buidler/src/internal/core/providers/gas-providers.ts:63:21
      at Proxy.cloningSendWrapper (node_modules/@nomiclabs/buidler/src/internal/core/providers/wrapper.ts:9:12)
      at /src/node_modules/@nomiclabs/buidler/src/internal/core/providers/gas-providers.ts:82:21
      at Proxy.cloningSendWrapper (node_modules/@nomiclabs/buidler/src/internal/core/providers/wrapper.ts:9:12)
      at EthersProviderWrapper.send (node_modules/@nomiclabs/buidler-ethers/src/ethers-provider-wrapper.ts:13:48)
      at EthersProviderWrapper.JsonRpcProvider.perform (node_modules/@ethersproject/providers/src.ts/json-rpc-provider.ts:432:21)
      at EthersProviderWrapper.<anonymous> (node_modules/@ethersproject/providers/src.ts/base-provider.ts:850:42)
      at step (node_modules/@ethersproject/providers/lib/base-provider.js:46:23)
      at Object.next (node_modules/@ethersproject/providers/lib/base-provider.js:27:53)
      at fulfilled (node_modules/@ethersproject/providers/lib/base-provider.js:18:58)
      at runMicrotasks (<anonymous>)
      at processTicksAndRejections (internal/process/task_queues.js:97:5)

  16) LendingPool liquidation - liquidator receiving the underlying asset
       User 4 deposits 1000 LEND - drops HF, liquidates the LEND, which results on a lower amount being liquidated:
     Error: VM Exception while processing transaction: revert Health factor is not below the threshold
      at HttpProvider.send (node_modules/@nomiclabs/buidler/src/internal/core/providers/http.ts:36:34)
      at getMultipliedGasEstimation (node_modules/@nomiclabs/buidler/src/internal/core/providers/gas-providers.ts:150:45)
      at /src/node_modules/@nomiclabs/buidler/src/internal/core/providers/gas-providers.ts:108:14
      at Proxy.cloningSendWrapper (node_modules/@nomiclabs/buidler/src/internal/core/providers/wrapper.ts:9:12)
      at /src/node_modules/@nomiclabs/buidler/src/internal/core/providers/accounts.ts:219:21
      at Proxy.cloningSendWrapper (node_modules/@nomiclabs/buidler/src/internal/core/providers/wrapper.ts:9:12)
      at /src/node_modules/@nomiclabs/buidler/src/internal/core/providers/gas-providers.ts:63:21
      at Proxy.cloningSendWrapper (node_modules/@nomiclabs/buidler/src/internal/core/providers/wrapper.ts:9:12)
      at /src/node_modules/@nomiclabs/buidler/src/internal/core/providers/gas-providers.ts:82:21
      at Proxy.cloningSendWrapper (node_modules/@nomiclabs/buidler/src/internal/core/providers/wrapper.ts:9:12)
      at EthersProviderWrapper.send (node_modules/@nomiclabs/buidler-ethers/src/ethers-provider-wrapper.ts:13:48)
      at EthersProviderWrapper.JsonRpcProvider.perform (node_modules/@ethersproject/providers/src.ts/json-rpc-provider.ts:432:21)
      at EthersProviderWrapper.<anonymous> (node_modules/@ethersproject/providers/src.ts/base-provider.ts:850:42)
      at step (node_modules/@ethersproject/providers/lib/base-provider.js:46:23)
      at Object.next (node_modules/@ethersproject/providers/lib/base-provider.js:27:53)
      at fulfilled (node_modules/@ethersproject/providers/lib/base-provider.js:18:58)
      at runMicrotasks (<anonymous>)
      at processTicksAndRejections (internal/process/task_queues.js:97:5)

  17) LendingPool: Borrow/repay (stable rate)
       User 0 deposits 1000 DAI, user 1 deposits 1 WETH as collateral and borrows 100 DAI at stable rate:
     Error: VM Exception while processing transaction: revert There is not enough collateral to cover a new borrow
      at HttpProvider.send (node_modules/@nomiclabs/buidler/src/internal/core/providers/http.ts:36:34)
      at getMultipliedGasEstimation (node_modules/@nomiclabs/buidler/src/internal/core/providers/gas-providers.ts:150:45)
      at /src/node_modules/@nomiclabs/buidler/src/internal/core/providers/gas-providers.ts:108:14
      at Proxy.cloningSendWrapper (node_modules/@nomiclabs/buidler/src/internal/core/providers/wrapper.ts:9:12)
      at /src/node_modules/@nomiclabs/buidler/src/internal/core/providers/accounts.ts:219:21
      at Proxy.cloningSendWrapper (node_modules/@nomiclabs/buidler/src/internal/core/providers/wrapper.ts:9:12)
      at /src/node_modules/@nomiclabs/buidler/src/internal/core/providers/gas-providers.ts:63:21
      at Proxy.cloningSendWrapper (node_modules/@nomiclabs/buidler/src/internal/core/providers/wrapper.ts:9:12)
      at /src/node_modules/@nomiclabs/buidler/src/internal/core/providers/gas-providers.ts:82:21
      at Proxy.cloningSendWrapper (node_modules/@nomiclabs/buidler/src/internal/core/providers/wrapper.ts:9:12)
      at EthersProviderWrapper.send (node_modules/@nomiclabs/buidler-ethers/src/ethers-provider-wrapper.ts:13:48)
      at EthersProviderWrapper.JsonRpcProvider.perform (node_modules/@ethersproject/providers/src.ts/json-rpc-provider.ts:432:21)
      at EthersProviderWrapper.<anonymous> (node_modules/@ethersproject/providers/src.ts/base-provider.ts:850:42)
      at step (node_modules/@ethersproject/providers/lib/base-provider.js:46:23)
      at Object.next (node_modules/@ethersproject/providers/lib/base-provider.js:27:53)
      at fulfilled (node_modules/@ethersproject/providers/lib/base-provider.js:18:58)
      at runMicrotasks (<anonymous>)
      at processTicksAndRejections (internal/process/task_queues.js:97:5)

  18) LendingPool: Borrow/repay (stable rate)
       User 1 repays the half of the DAI borrow after one year:

      AssertionError: expected '53496990783534834930102816' to be almost equal or equal '49997187848791270690420682' for property utilizationRate
      + expected - actual

      -53496990783534834930102816
      +49997187848791270690420682
      
      at expectEqual (test/helpers/actions.ts:806:26)
      at /src/test/helpers/actions.ts:446:5
      at step (test/helpers/actions.ts:33:23)
      at Object.next (test/helpers/actions.ts:14:53)
      at fulfilled (test/helpers/actions.ts:5:58)
      at runMicrotasks (<anonymous>)
      at processTicksAndRejections (internal/process/task_queues.js:97:5)

  19) LendingPool: Borrow/repay (stable rate)
       User 1 repays the rest of the DAI borrow after one year:
     Error: VM Exception while processing transaction: revert 16
      at HttpProvider.send (node_modules/@nomiclabs/buidler/src/internal/core/providers/http.ts:36:34)
      at getMultipliedGasEstimation (node_modules/@nomiclabs/buidler/src/internal/core/providers/gas-providers.ts:150:45)
      at /src/node_modules/@nomiclabs/buidler/src/internal/core/providers/gas-providers.ts:108:14
      at Proxy.cloningSendWrapper (node_modules/@nomiclabs/buidler/src/internal/core/providers/wrapper.ts:9:12)
      at /src/node_modules/@nomiclabs/buidler/src/internal/core/providers/accounts.ts:219:21
      at Proxy.cloningSendWrapper (node_modules/@nomiclabs/buidler/src/internal/core/providers/wrapper.ts:9:12)
      at /src/node_modules/@nomiclabs/buidler/src/internal/core/providers/gas-providers.ts:63:21
      at Proxy.cloningSendWrapper (node_modules/@nomiclabs/buidler/src/internal/core/providers/wrapper.ts:9:12)
      at /src/node_modules/@nomiclabs/buidler/src/internal/core/providers/gas-providers.ts:82:21
      at Proxy.cloningSendWrapper (node_modules/@nomiclabs/buidler/src/internal/core/providers/wrapper.ts:9:12)
      at EthersProviderWrapper.send (node_modules/@nomiclabs/buidler-ethers/src/ethers-provider-wrapper.ts:13:48)
      at EthersProviderWrapper.JsonRpcProvider.perform (node_modules/@ethersproject/providers/src.ts/json-rpc-provider.ts:432:21)
      at EthersProviderWrapper.<anonymous> (node_modules/@ethersproject/providers/src.ts/base-provider.ts:850:42)
      at step (node_modules/@ethersproject/providers/lib/base-provider.js:46:23)
      at Object.next (node_modules/@ethersproject/providers/lib/base-provider.js:27:53)
      at fulfilled (node_modules/@ethersproject/providers/lib/base-provider.js:18:58)
      at runMicrotasks (<anonymous>)
      at processTicksAndRejections (internal/process/task_queues.js:97:5)

  20) LendingPool: Borrow/repay (stable rate)
       User 1 deposits 1000 DAI, user 2 tries to borrow 1000 DAI at a stable rate without any collateral (revert expected):

      AssertionError: expected '0' to be almost equal or equal '428000013222681762110' for property principalStableDebt
      + expected - actual

      -0
      +428000013222681762110
      
      at expectEqual (test/helpers/actions.ts:806:26)
      at /src/test/helpers/actions.ts:189:5
      at step (test/helpers/actions.ts:33:23)
      at Object.next (test/helpers/actions.ts:14:53)
      at fulfilled (test/helpers/actions.ts:5:58)
      at runMicrotasks (<anonymous>)
      at processTicksAndRejections (internal/process/task_queues.js:97:5)

  21) LendingPool: Borrow/repay (stable rate)
       User 0 deposits 1000 DAI, user 1,2,3,4 deposit 1 WETH each and borrow 100 DAI at stable rate. Everything is repaid, user 0 withdraws:
     Error: VM Exception while processing transaction: revert There is not enough collateral to cover a new borrow
      at HttpProvider.send (node_modules/@nomiclabs/buidler/src/internal/core/providers/http.ts:36:34)
      at getMultipliedGasEstimation (node_modules/@nomiclabs/buidler/src/internal/core/providers/gas-providers.ts:150:45)
      at /src/node_modules/@nomiclabs/buidler/src/internal/core/providers/gas-providers.ts:108:14
      at Proxy.cloningSendWrapper (node_modules/@nomiclabs/buidler/src/internal/core/providers/wrapper.ts:9:12)
      at /src/node_modules/@nomiclabs/buidler/src/internal/core/providers/accounts.ts:219:21
      at Proxy.cloningSendWrapper (node_modules/@nomiclabs/buidler/src/internal/core/providers/wrapper.ts:9:12)
      at /src/node_modules/@nomiclabs/buidler/src/internal/core/providers/gas-providers.ts:63:21
      at Proxy.cloningSendWrapper (node_modules/@nomiclabs/buidler/src/internal/core/providers/wrapper.ts:9:12)
      at /src/node_modules/@nomiclabs/buidler/src/internal/core/providers/gas-providers.ts:82:21
      at Proxy.cloningSendWrapper (node_modules/@nomiclabs/buidler/src/internal/core/providers/wrapper.ts:9:12)
      at EthersProviderWrapper.send (node_modules/@nomiclabs/buidler-ethers/src/ethers-provider-wrapper.ts:13:48)
      at EthersProviderWrapper.JsonRpcProvider.perform (node_modules/@ethersproject/providers/src.ts/json-rpc-provider.ts:432:21)
      at EthersProviderWrapper.<anonymous> (node_modules/@ethersproject/providers/src.ts/base-provider.ts:850:42)
      at step (node_modules/@ethersproject/providers/lib/base-provider.js:46:23)
      at Object.next (node_modules/@ethersproject/providers/lib/base-provider.js:27:53)
      at fulfilled (node_modules/@ethersproject/providers/lib/base-provider.js:18:58)
      at runMicrotasks (<anonymous>)
      at processTicksAndRejections (internal/process/task_queues.js:97:5)

  22) LendingPool: Borrow/repay (variable rate)
       User 1 tries to borrow the rest of the USDC liquidity (revert expected):

      AssertionError: There is not enough collateral to cover a new borrow: Expected transaction to be reverted
      + expected - actual

      -Transaction NOT reverted.
      +Transaction reverted.
      
  

  23) LendingPool: Borrow/repay (variable rate)
       User 1 deposits 1000 DAI, user 3 tries to borrow 1000 DAI without any collateral (revert expected):

      AssertionError: The collateral balance is 0: Expected transaction to be reverted
      + expected - actual

      -Transaction NOT reverted.
      +Transaction reverted.
      
  

  24) LendingPool: Borrow/repay (variable rate)
       user 3 deposits 0.1 ETH collateral to borrow 100 DAI; 0.1 ETH is not enough to borrow 100 DAI (revert expected):

      AssertionError: There is not enough collateral to cover a new borrow: Expected transaction to be reverted
      + expected - actual

      -Transaction NOT reverted.
      +Transaction reverted.
      
  

  25) LendingPool: Borrow/repay (variable rate)
       user 3 deposits 0.1 ETH collateral to borrow 100 USDC; 0.1 ETH is not enough to borrow 100 USDC (revert expected):

      AssertionError: There is not enough collateral to cover a new borrow: Expected transaction to be reverted
      + expected - actual

      -Transaction NOT reverted.
      +Transaction reverted.
      
  

  26) LendingPool: Borrow/repay (variable rate)
       User 0 deposits 1000 DAI, user 6 deposits 2 WETH and borrow 100 DAI at variable rate first, then 100 DAI at stable rate, repays everything. User 0 withdraws:
     Error: VM Exception while processing transaction: revert There is not enough collateral to cover a new borrow
      at HttpProvider.send (node_modules/@nomiclabs/buidler/src/internal/core/providers/http.ts:36:34)
      at getMultipliedGasEstimation (node_modules/@nomiclabs/buidler/src/internal/core/providers/gas-providers.ts:150:45)
      at /src/node_modules/@nomiclabs/buidler/src/internal/core/providers/gas-providers.ts:108:14
      at Proxy.cloningSendWrapper (node_modules/@nomiclabs/buidler/src/internal/core/providers/wrapper.ts:9:12)
      at /src/node_modules/@nomiclabs/buidler/src/internal/core/providers/accounts.ts:219:21
      at Proxy.cloningSendWrapper (node_modules/@nomiclabs/buidler/src/internal/core/providers/wrapper.ts:9:12)
      at /src/node_modules/@nomiclabs/buidler/src/internal/core/providers/gas-providers.ts:63:21
      at Proxy.cloningSendWrapper (node_modules/@nomiclabs/buidler/src/internal/core/providers/wrapper.ts:9:12)
      at /src/node_modules/@nomiclabs/buidler/src/internal/core/providers/gas-providers.ts:82:21
      at Proxy.cloningSendWrapper (node_modules/@nomiclabs/buidler/src/internal/core/providers/wrapper.ts:9:12)
      at EthersProviderWrapper.send (node_modules/@nomiclabs/buidler-ethers/src/ethers-provider-wrapper.ts:13:48)
      at EthersProviderWrapper.JsonRpcProvider.perform (node_modules/@ethersproject/providers/src.ts/json-rpc-provider.ts:432:21)
      at EthersProviderWrapper.<anonymous> (node_modules/@ethersproject/providers/src.ts/base-provider.ts:850:42)
      at step (node_modules/@ethersproject/providers/lib/base-provider.js:46:23)
      at Object.next (node_modules/@ethersproject/providers/lib/base-provider.js:27:53)
      at fulfilled (node_modules/@ethersproject/providers/lib/base-provider.js:18:58)
      at runMicrotasks (<anonymous>)
      at processTicksAndRejections (internal/process/task_queues.js:97:5)

  27) AToken: interest rate redirection negative test cases
       User 0 tries to redirect the interest to user 2 twice (revert expected):

      AssertionError: expected '3000000004666017561994' to be almost equal or equal '3000002809866499332595' for property redirectionAddressRedirectedBalance
      + expected - actual

      -3000000004666017561994
      +3000002809866499332595
      
      at expectEqual (test/helpers/actions.ts:806:26)
      at /src/test/helpers/actions.ts:692:5
      at step (test/helpers/actions.ts:33:23)
      at Object.next (test/helpers/actions.ts:14:53)
      at fulfilled (test/helpers/actions.ts:5:58)
      at runMicrotasks (<anonymous>)
      at processTicksAndRejections (internal/process/task_queues.js:97:5)

  28) AToken: interest rate redirection negative test cases
       User 3 with 0 balance tries to redirect the interest to user 2 (revert expected):

      AssertionError: Interest stream can only be redirected if there is a valid balance: Expected transaction to be reverted
      + expected - actual

      -Transaction NOT reverted.
      +Transaction reverted.
      
  

  29) AToken: interest rate redirection
       User 0 deposits 1000 DAI, redirects the interest to user 2:
     Error: VM Exception while processing transaction: revert Interest is already redirected to the user
      at HttpProvider.send (node_modules/@nomiclabs/buidler/src/internal/core/providers/http.ts:36:34)
      at getMultipliedGasEstimation (node_modules/@nomiclabs/buidler/src/internal/core/providers/gas-providers.ts:150:45)
      at /src/node_modules/@nomiclabs/buidler/src/internal/core/providers/gas-providers.ts:108:14
      at Proxy.cloningSendWrapper (node_modules/@nomiclabs/buidler/src/internal/core/providers/wrapper.ts:9:12)
      at /src/node_modules/@nomiclabs/buidler/src/internal/core/providers/accounts.ts:219:21
      at Proxy.cloningSendWrapper (node_modules/@nomiclabs/buidler/src/internal/core/providers/wrapper.ts:9:12)
      at /src/node_modules/@nomiclabs/buidler/src/internal/core/providers/gas-providers.ts:63:21
      at Proxy.cloningSendWrapper (node_modules/@nomiclabs/buidler/src/internal/core/providers/wrapper.ts:9:12)
      at /src/node_modules/@nomiclabs/buidler/src/internal/core/providers/gas-providers.ts:82:21
      at Proxy.cloningSendWrapper (node_modules/@nomiclabs/buidler/src/internal/core/providers/wrapper.ts:9:12)
      at EthersProviderWrapper.send (node_modules/@nomiclabs/buidler-ethers/src/ethers-provider-wrapper.ts:13:48)
      at EthersProviderWrapper.JsonRpcProvider.perform (node_modules/@ethersproject/providers/src.ts/json-rpc-provider.ts:432:21)
      at EthersProviderWrapper.<anonymous> (node_modules/@ethersproject/providers/src.ts/base-provider.ts:850:42)
      at step (node_modules/@ethersproject/providers/lib/base-provider.js:46:23)
      at Object.next (node_modules/@ethersproject/providers/lib/base-provider.js:27:53)
      at fulfilled (node_modules/@ethersproject/providers/lib/base-provider.js:18:58)
      at runMicrotasks (<anonymous>)
      at processTicksAndRejections (internal/process/task_queues.js:97:5)

  30) AToken: interest rate redirection
       User 1 borrows another 100 DAI, repay the whole amount. Users 0 and User 2 withdraw:

      AssertionError: expected '1018781912658889894052315977' to be almost equal or equal '1018781912797584526993908257' for property currentATokenUserIndex
      + expected - actual

      -1018781912658889894052315977
      +1018781912797584526993908257
      
      at expectEqual (test/helpers/actions.ts:806:26)
      at /src/test/helpers/actions.ts:267:5
      at step (test/helpers/actions.ts:33:23)
      at Object.next (test/helpers/actions.ts:14:53)
      at fulfilled (test/helpers/actions.ts:5:58)
      at runMicrotasks (<anonymous>)
      at processTicksAndRejections (internal/process/task_queues.js:97:5)

  31) AToken: interest rate redirection
       User 0 deposits 1000 DAI, redirects interest to user 2, user 1 borrows 100 DAI. After one year, user 0 redirects interest back to himself, user 1 borrows another 100 DAI and after another year repays the whole amount. Users 0 and User 2 withdraw:

      AssertionError: expected '1020673495374568972552' to be almost equal or equal '1020673495380218720173' for property redirectionAddressRedirectedBalance
      + expected - actual

      -1020673495374568972552
      +1020673495380218720173
      
      at expectEqual (test/helpers/actions.ts:806:26)
      at /src/test/helpers/actions.ts:692:5
      at step (test/helpers/actions.ts:33:23)
      at Object.next (test/helpers/actions.ts:14:53)
      at fulfilled (test/helpers/actions.ts:5:58)
      at runMicrotasks (<anonymous>)
      at processTicksAndRejections (internal/process/task_queues.js:97:5)

  32) AToken: interest rate redirection
       User 0 deposits 1000 DAI, redirects interest to user 2, user 1 borrows 100 DAI. After one year, user 2 redirects interest to user 3. user 1 borrows another 100 DAI, user 0 deposits another 100 DAI. User 1 repays the whole amount. Users 0, 2 first 1 DAI, then everything. User 3 withdraws:
     Error: VM Exception while processing transaction: revert Interest is already redirected to the user
      at HttpProvider.send (node_modules/@nomiclabs/buidler/src/internal/core/providers/http.ts:36:34)
      at getMultipliedGasEstimation (node_modules/@nomiclabs/buidler/src/internal/core/providers/gas-providers.ts:150:45)
      at /src/node_modules/@nomiclabs/buidler/src/internal/core/providers/gas-providers.ts:108:14
      at Proxy.cloningSendWrapper (node_modules/@nomiclabs/buidler/src/internal/core/providers/wrapper.ts:9:12)
      at /src/node_modules/@nomiclabs/buidler/src/internal/core/providers/accounts.ts:219:21
      at Proxy.cloningSendWrapper (node_modules/@nomiclabs/buidler/src/internal/core/providers/wrapper.ts:9:12)
      at /src/node_modules/@nomiclabs/buidler/src/internal/core/providers/gas-providers.ts:63:21
      at Proxy.cloningSendWrapper (node_modules/@nomiclabs/buidler/src/internal/core/providers/wrapper.ts:9:12)
      at /src/node_modules/@nomiclabs/buidler/src/internal/core/providers/gas-providers.ts:82:21
      at Proxy.cloningSendWrapper (node_modules/@nomiclabs/buidler/src/internal/core/providers/wrapper.ts:9:12)
      at EthersProviderWrapper.send (node_modules/@nomiclabs/buidler-ethers/src/ethers-provider-wrapper.ts:13:48)
      at EthersProviderWrapper.JsonRpcProvider.perform (node_modules/@ethersproject/providers/src.ts/json-rpc-provider.ts:432:21)
      at EthersProviderWrapper.<anonymous> (node_modules/@ethersproject/providers/src.ts/base-provider.ts:850:42)
      at step (node_modules/@ethersproject/providers/lib/base-provider.js:46:23)
      at Object.next (node_modules/@ethersproject/providers/lib/base-provider.js:27:53)
      at fulfilled (node_modules/@ethersproject/providers/lib/base-provider.js:18:58)
      at runMicrotasks (<anonymous>)
      at processTicksAndRejections (internal/process/task_queues.js:97:5)

  33) LendingPool: Rebalance stable rate
       User 1 swaps to stable, user 0 tries to rebalance but the conditions are not met (revert expected):
     Error: VM Exception while processing transaction: revert 12
      at HttpProvider.send (node_modules/@nomiclabs/buidler/src/internal/core/providers/http.ts:36:34)
      at getMultipliedGasEstimation (node_modules/@nomiclabs/buidler/src/internal/core/providers/gas-providers.ts:150:45)
      at /src/node_modules/@nomiclabs/buidler/src/internal/core/providers/gas-providers.ts:108:14
      at Proxy.cloningSendWrapper (node_modules/@nomiclabs/buidler/src/internal/core/providers/wrapper.ts:9:12)
      at /src/node_modules/@nomiclabs/buidler/src/internal/core/providers/accounts.ts:219:21
      at Proxy.cloningSendWrapper (node_modules/@nomiclabs/buidler/src/internal/core/providers/wrapper.ts:9:12)
      at /src/node_modules/@nomiclabs/buidler/src/internal/core/providers/gas-providers.ts:63:21
      at Proxy.cloningSendWrapper (node_modules/@nomiclabs/buidler/src/internal/core/providers/wrapper.ts:9:12)
      at /src/node_modules/@nomiclabs/buidler/src/internal/core/providers/gas-providers.ts:82:21
      at Proxy.cloningSendWrapper (node_modules/@nomiclabs/buidler/src/internal/core/providers/wrapper.ts:9:12)
      at EthersProviderWrapper.send (node_modules/@nomiclabs/buidler-ethers/src/ethers-provider-wrapper.ts:13:48)
      at EthersProviderWrapper.JsonRpcProvider.perform (node_modules/@ethersproject/providers/src.ts/json-rpc-provider.ts:432:21)
      at EthersProviderWrapper.<anonymous> (node_modules/@ethersproject/providers/src.ts/base-provider.ts:850:42)
      at step (node_modules/@ethersproject/providers/lib/base-provider.js:46:23)
      at Object.next (node_modules/@ethersproject/providers/lib/base-provider.js:27:53)
      at fulfilled (node_modules/@ethersproject/providers/lib/base-provider.js:18:58)
      at runMicrotasks (<anonymous>)
      at processTicksAndRejections (internal/process/task_queues.js:97:5)

  34) LendingPool: Rebalance stable rate
       User 2 deposits ETH and borrows the remaining DAI, causing the stable rates to rise (liquidity rate < user 1 borrow rate). User 0 tries to rebalance user 1 (revert expected):
     Error: VM Exception while processing transaction: revert There is not enough collateral to cover a new borrow
      at HttpProvider.send (node_modules/@nomiclabs/buidler/src/internal/core/providers/http.ts:36:34)
      at getMultipliedGasEstimation (node_modules/@nomiclabs/buidler/src/internal/core/providers/gas-providers.ts:150:45)
      at /src/node_modules/@nomiclabs/buidler/src/internal/core/providers/gas-providers.ts:108:14
      at Proxy.cloningSendWrapper (node_modules/@nomiclabs/buidler/src/internal/core/providers/wrapper.ts:9:12)
      at /src/node_modules/@nomiclabs/buidler/src/internal/core/providers/accounts.ts:219:21
      at Proxy.cloningSendWrapper (node_modules/@nomiclabs/buidler/src/internal/core/providers/wrapper.ts:9:12)
      at /src/node_modules/@nomiclabs/buidler/src/internal/core/providers/gas-providers.ts:63:21
      at Proxy.cloningSendWrapper (node_modules/@nomiclabs/buidler/src/internal/core/providers/wrapper.ts:9:12)
      at /src/node_modules/@nomiclabs/buidler/src/internal/core/providers/gas-providers.ts:82:21
      at Proxy.cloningSendWrapper (node_modules/@nomiclabs/buidler/src/internal/core/providers/wrapper.ts:9:12)
      at EthersProviderWrapper.send (node_modules/@nomiclabs/buidler-ethers/src/ethers-provider-wrapper.ts:13:48)
      at EthersProviderWrapper.JsonRpcProvider.perform (node_modules/@ethersproject/providers/src.ts/json-rpc-provider.ts:432:21)
      at EthersProviderWrapper.<anonymous> (node_modules/@ethersproject/providers/src.ts/base-provider.ts:850:42)
      at step (node_modules/@ethersproject/providers/lib/base-provider.js:46:23)
      at Object.next (node_modules/@ethersproject/providers/lib/base-provider.js:27:53)
      at fulfilled (node_modules/@ethersproject/providers/lib/base-provider.js:18:58)
      at runMicrotasks (<anonymous>)
      at processTicksAndRejections (internal/process/task_queues.js:97:5)

  35) LendingPool: Rebalance stable rate
       User 2 borrows more DAI, causing the liquidity rate to rise above user 1 stable borrow rate User 0 rebalances user 1:
     Error: VM Exception while processing transaction: revert There is not enough collateral to cover a new borrow
      at HttpProvider.send (node_modules/@nomiclabs/buidler/src/internal/core/providers/http.ts:36:34)
      at getMultipliedGasEstimation (node_modules/@nomiclabs/buidler/src/internal/core/providers/gas-providers.ts:150:45)
      at /src/node_modules/@nomiclabs/buidler/src/internal/core/providers/gas-providers.ts:108:14
      at Proxy.cloningSendWrapper (node_modules/@nomiclabs/buidler/src/internal/core/providers/wrapper.ts:9:12)
      at /src/node_modules/@nomiclabs/buidler/src/internal/core/providers/accounts.ts:219:21
      at Proxy.cloningSendWrapper (node_modules/@nomiclabs/buidler/src/internal/core/providers/wrapper.ts:9:12)
      at /src/node_modules/@nomiclabs/buidler/src/internal/core/providers/gas-providers.ts:63:21
      at Proxy.cloningSendWrapper (node_modules/@nomiclabs/buidler/src/internal/core/providers/wrapper.ts:9:12)
      at /src/node_modules/@nomiclabs/buidler/src/internal/core/providers/gas-providers.ts:82:21
      at Proxy.cloningSendWrapper (node_modules/@nomiclabs/buidler/src/internal/core/providers/wrapper.ts:9:12)
      at EthersProviderWrapper.send (node_modules/@nomiclabs/buidler-ethers/src/ethers-provider-wrapper.ts:13:48)
      at EthersProviderWrapper.JsonRpcProvider.perform (node_modules/@ethersproject/providers/src.ts/json-rpc-provider.ts:432:21)
      at EthersProviderWrapper.<anonymous> (node_modules/@ethersproject/providers/src.ts/base-provider.ts:850:42)
      at step (node_modules/@ethersproject/providers/lib/base-provider.js:46:23)
      at Object.next (node_modules/@ethersproject/providers/lib/base-provider.js:27:53)
      at fulfilled (node_modules/@ethersproject/providers/lib/base-provider.js:18:58)
      at runMicrotasks (<anonymous>)
      at processTicksAndRejections (internal/process/task_queues.js:97:5)

  36) LendingPool: Usage as collateral
       User 1 Deposits 2 ETH, disables ETH as collateral, borrows 400 DAI (revert expected):

      AssertionError: The collateral balance is 0: Expected transaction to be reverted
      + expected - actual

      -Transaction NOT reverted.
      +Transaction reverted.
      
  

  37) LendingPool: Usage as collateral
       User 1 disables ETH as collateral (revert expected):

      AssertionError: User deposit is already being used as collateral: Expected transaction to be reverted
      + expected - actual

      -Transaction NOT reverted.
      +Transaction reverted.
      
  

  38) LendingPool: Swap rate mode
       User 0 deposits 1000 DAI, user 1 deposits 2 ETH as collateral, borrows 100 DAI at variable rate and swaps to stable after one year:
     Error: VM Exception while processing transaction: revert 12
      at HttpProvider.send (node_modules/@nomiclabs/buidler/src/internal/core/providers/http.ts:36:34)
      at getMultipliedGasEstimation (node_modules/@nomiclabs/buidler/src/internal/core/providers/gas-providers.ts:150:45)
      at /src/node_modules/@nomiclabs/buidler/src/internal/core/providers/gas-providers.ts:108:14
      at Proxy.cloningSendWrapper (node_modules/@nomiclabs/buidler/src/internal/core/providers/wrapper.ts:9:12)
      at /src/node_modules/@nomiclabs/buidler/src/internal/core/providers/accounts.ts:219:21
      at Proxy.cloningSendWrapper (node_modules/@nomiclabs/buidler/src/internal/core/providers/wrapper.ts:9:12)
      at /src/node_modules/@nomiclabs/buidler/src/internal/core/providers/gas-providers.ts:63:21
      at Proxy.cloningSendWrapper (node_modules/@nomiclabs/buidler/src/internal/core/providers/wrapper.ts:9:12)
      at /src/node_modules/@nomiclabs/buidler/src/internal/core/providers/gas-providers.ts:82:21
      at Proxy.cloningSendWrapper (node_modules/@nomiclabs/buidler/src/internal/core/providers/wrapper.ts:9:12)
      at EthersProviderWrapper.send (node_modules/@nomiclabs/buidler-ethers/src/ethers-provider-wrapper.ts:13:48)
      at EthersProviderWrapper.JsonRpcProvider.perform (node_modules/@ethersproject/providers/src.ts/json-rpc-provider.ts:432:21)
      at EthersProviderWrapper.<anonymous> (node_modules/@ethersproject/providers/src.ts/base-provider.ts:850:42)
      at step (node_modules/@ethersproject/providers/lib/base-provider.js:46:23)
      at Object.next (node_modules/@ethersproject/providers/lib/base-provider.js:27:53)
      at fulfilled (node_modules/@ethersproject/providers/lib/base-provider.js:18:58)
      at runMicrotasks (<anonymous>)
      at processTicksAndRejections (internal/process/task_queues.js:97:5)

  39) LendingPool: Swap rate mode
       User 1 borrows another 100 DAI, and swaps back to variable after one year, repays the loan:

      AssertionError: expected '10698732000442685488829' to be almost equal or equal '10652337619880722614595' for property totalLiquidity
      + expected - actual

      -10698732000442685488829
      +10652337619880722614595
      
      at expectEqual (test/helpers/actions.ts:806:26)
      at /src/test/helpers/actions.ts:571:5
      at step (test/helpers/actions.ts:33:23)
      at Object.next (test/helpers/actions.ts:14:53)
      at fulfilled (test/helpers/actions.ts:5:58)
      at runMicrotasks (<anonymous>)
      at processTicksAndRejections (internal/process/task_queues.js:97:5)

  40) LendingPool: Redeem negative test cases
       Users 0 tries to redeem 1100 DAI from the 1000 DAI deposited (revert expected):

      AssertionError: User cannot redeem more than the available balance: Expected transaction to be reverted
      + expected - actual

      -Transaction NOT reverted.
      +Transaction reverted.
      
  

  41) LendingPool: Redeem negative test cases
       Users 1 deposits 1 WETH, borrows 100 DAI, tries to redeem the 1 WETH deposited (revert expected):

      AssertionError: Transfer cannot be allowed.: Expected transaction to be reverted
      + expected - actual

      -Transaction NOT reverted.
      +Transaction reverted.
      
  

  42) LendingPool: withdraw
       Users 0 and 1 Deposit 1000 DAI, both withdraw:

      AssertionError: expected '100000000000000000000' to be almost equal or equal '1156444960439594400554' for property principalStableDebt
      + expected - actual

      -100000000000000000000
      +1156444960439594400554
      
      at expectEqual (test/helpers/actions.ts:806:26)
      at /src/test/helpers/actions.ts:189:5
      at step (test/helpers/actions.ts:33:23)
      at Object.next (test/helpers/actions.ts:14:53)
      at fulfilled (test/helpers/actions.ts:5:58)
      at runMicrotasks (<anonymous>)
      at processTicksAndRejections (internal/process/task_queues.js:97:5)



